03-11 15:43:25.252  2493  2643 D ShellBackPreview: initAnimation mMotionStarted=false
03-11 15:43:25.252  1801  2793 D CoreBackPreview: Focused window found using getFocusedWindowToken
03-11 15:43:25.253  1801  2793 D CoreBackPreview: startBackNavigation currentTask=Task{1d8f96b #85 type=standard A=1000:com.android.settings.root}, topRunningActivity=ActivityRecord{2ecd05a u0 com.android.settings/com.oplus.settings.OplusSettingsActivity$DeviceInfoSettingsActivity t85}, callbackInfo=OnBackInvokedCallbackInfo{mCallback=android.window.IOnBackInvokedCallback$Stub$Proxy@ae05ce5, mPriority=0, mIsAnimationCallback=false}, currentFocus=Window{70da04f u0 com.android.settings/com.oplus.settings.OplusSettingsActivity$DeviceInfoSettingsActivity}
03-11 15:43:25.253  2493  2643 D ShellBackPreview: Received backNavigationInfo:BackNavigationInfo{mType=TYPE_CALLBACK (4), mOnBackNavigationDone=android.os.RemoteCallback@5e44f8d, mOnBackInvokedCallback=android.window.IOnBackInvokedCallback$Stub$Proxy@6810542, mPrepareRemoteAnimation=false, mAnimationCallback=false, mCustomizeAnimationInfo=null}
03-11 15:43:25.255  1801  2793 V WindowManager: Relayout Window{365acd1 u0 ColorSideGestureRight_displayId_0}: viewVisibility=0, oldvis=8, req=115x2713, vsysui=
03-11 15:43:25.255  1801  2793 I WindowManager: Window{365acd1 u0 ColorSideGestureRight_displayId_0} state from NO_SURFACE to DRAW_PENDING; reason: resetDrawState
03-11 15:43:25.263  1801  5469 D OplusAppListInterceptManager: shouldFilterTask
03-11 15:43:25.263  1801  5469 D OplusAppListInterceptManager: shouldFilterTask::packageName = com.android.settings
03-11 15:43:25.263  1801  5469 D OplusSplitScreenManagerService: com.android.settings unSupportsSplitScreen by blockList or ForbidActivityList
03-11 15:43:25.264  1801  5469 D OplusSplitScreenManagerService: com.android.settings unSupportsSplitScreen by blockList or ForbidActivityList
03-11 15:43:25.264  1801  5469 D OplusAppListInterceptManager: shouldFilterTask
03-11 15:43:25.264  1801  5469 D OplusAppListInterceptManager: shouldFilterTask::packageName = com.oplus.ota
03-11 15:43:25.264  1801  5469 D ActivityTaskManager: Skipping, invisible task: Task{c1524c8 #2 type=home I=com.android.launcher/.Launcher}
03-11 15:43:25.264  1801  5469 D OplusAppListInterceptManager: shouldFilterTask
03-11 15:43:25.264  1801  5469 D OplusAppListInterceptManager: shouldFilterTask::packageName = com.blockchainvault
03-11 15:43:25.264  1801  5469 D OplusAppListInterceptManager: shouldFilterTask
03-11 15:43:25.264  1801  5469 D OplusAppListInterceptManager: shouldFilterTask::packageName = com.whatsapp
03-11 15:43:25.264  1801  5469 D OplusAppListInterceptManager: shouldFilterTask
03-11 15:43:25.264  1801  5469 D OplusAppListInterceptManager: shouldFilterTask::packageName = com.google.android.dialer
03-11 15:43:25.264  1801  5469 D ActivityTaskManager: after skip size 5
03-11 15:43:25.269  1801  1847 D WindowManager: request show transient bar, navigationBar already visible
03-11 15:43:25.274  1801  2793 D OplusSplitScreenManagerService: com.android.settings unSupportsSplitScreen by blockList or ForbidActivityList
03-11 15:43:25.274  1801  2793 D OplusSplitScreenManagerService: com.android.settings unSupportsSplitScreen by blockList or ForbidActivityList
03-11 15:43:25.288  1801  2793 I WindowManager: Window{365acd1 u0 ColorSideGestureRight_displayId_0} state from DRAW_PENDING to COMMIT_DRAW_PENDING; reason: finishDrawingLocked
03-11 15:43:25.293  1801  1850 I WindowManager: Window{365acd1 u0 ColorSideGestureRight_displayId_0} state from COMMIT_DRAW_PENDING to READY_TO_SHOW; reason: commitFinishDrawingLocked
03-11 15:43:25.293  1801  1850 I WindowManager: Window{365acd1 u0 ColorSideGestureRight_displayId_0} state from READY_TO_SHOW to HAS_DRAWN; reason: performShowLocked
03-11 15:43:25.348  1801  2158 D PowerManagerService: userActivityNoUpdateLocked: groupId=0, eventTime=5279278, event=touch, flags=0x0, uid=1000
03-11 15:43:25.367  1801  2793 I OplusJoystickManager: read game pad state for game manager -> false
03-11 15:43:25.367  1801  2793 W OplusJoystickManager: mInterceptGamepadKey is false
03-11 15:43:25.367  1801  2793 D OplusCustomizeRestrictionManagerService: isLongPressVolumeUpDisabled start
03-11 15:43:25.367  1801  2793 E OplusCustomizeRestrictionManagerService: isBackButtonDisabled start
03-11 15:43:25.367  1801  2793 D StrategyBlackscreenshot: notifyKeyBeforeQueueing, event=KeyEvent { action=ACTION_DOWN, keyCode=KEYCODE_BACK, scanCode=0, metaState=0, flags=0x48, repeatCount=0, eventTime=5279298000000, downTime=5279298000000, deviceId=-1, source=0x101, displayId=0 }, interactive=true
03-11 15:43:25.368  1801  2158 D PowerManagerService: userActivityNoUpdateLocked: groupId=0, eventTime=5279298, event=button, flags=0x0, uid=1000
03-11 15:43:25.369  1801  2793 I OplusJoystickManager: read game pad state for game manager -> false
03-11 15:43:25.369  1801  2793 W OplusJoystickManager: mInterceptGamepadKey is false
03-11 15:43:25.369  1801  2793 D OplusCustomizeRestrictionManagerService: isLongPressVolumeUpDisabled start
03-11 15:43:25.369  1801  2793 D StrategyBlackscreenshot: notifyKeyBeforeQueueing, event=KeyEvent { action=ACTION_UP, keyCode=KEYCODE_BACK, scanCode=0, metaState=0, flags=0x48, repeatCount=0, eventTime=5279300000000, downTime=5279300000000, deviceId=-1, source=0x101, displayId=0 }, interactive=true
03-11 15:43:25.369  1801  2158 D OplusCustomizeRestrictionManagerService: isLongPressVolumeUpDisabled start
03-11 15:43:25.370  2493  2643 D ShellBackPreview: Finishing gesture with event action: 1
03-11 15:43:25.370  2493  2643 D ShellBackPreview: onGestureFinished() mTriggerBack == false
03-11 15:43:25.370  1801  2158 D OplusCustomizeRestrictionManagerService: isLongPressVolumeUpDisabled start
03-11 15:43:25.371  2493  2643 D ShellBackPreview: BackAnimationController: finishBackNavigation()
03-11 15:43:25.373  1801  2793 D CoreBackPreview: onBackNavigationDone backType=4, triggerBack=false
03-11 15:43:25.488  1801  2793 D OplusTransitionController: requestStartTransition, requestInfo type: CLOSE, remoteTransition: null, displayChange: null, transition: TransitionRecord{492421d id=427 type=CLOSE flags=0x0}, caller: com.android.server.wm.TransitionControllerExtImpl.requestStartTransition:41 com.android.server.wm.TransitionController.requestStartTransition:738 com.android.server.wm.TransitionController.requestCloseTransitionIfNeeded:781 com.android.server.wm.ActivityRecord.finishIfPossible:4104 com.android.server.wm.ActivityClientController.finishActivity:602 
03-11 15:43:25.489  2493  2643 V WindowManagerShell: Transition requested: android.os.BinderProxy@f4dfa9a TransitionRequestInfo { type = CLOSE, triggerTask = null, remoteTransition = null, displayChange = null }
03-11 15:43:25.489  1801  2793 D ActivityRecordExtImpl: skipPrepareAppTransitionForZoom false
03-11 15:43:25.490  1801  2793 D ActivityTaskManager: setVisibility(Token{947af68 ActivityRecord{2ecd05a u0 com.android.settings/com.oplus.settings.OplusSettingsActivity$DeviceInfoSettingsActivity t85 f}}}, visible=false) defer commitVisibility for transition collecting
03-11 15:43:25.513  1801  2088 I OplusAccessController: enter isIgnoreAppSwitchActivity
03-11 15:43:25.513  1801  2088 I OplusAccessController: enter isIgnoreAppSwitchActivity and intent != null
03-11 15:43:25.513  1801  2088 I OplusAccessController: enter isIgnoreAppSwitchActivity and componentName != null
03-11 15:43:25.513  1801  2088 I OplusAccessController: enter isIgnoreAppSwitchActivity and packageName&activity is not Empty
03-11 15:43:25.515  1801  2088 D ActivityTaskManager: setVisibility(Token{922fcc8 ActivityRecord{87fdae u0 com.android.settings/com.oplus.settings.feature.homepage.OplusSettingsHomepageActivity t85}}, visible=true) defer commitVisibility for transition collecting
03-11 15:43:25.520  1801  2088 D ActivityTaskManager: NFW_setLastResumedActivityUncheckLocked:true r:ActivityRecord{87fdae u0 com.android.settings/com.oplus.settings.feature.homepage.OplusSettingsHomepageActivity t85} currentFocus:Window{70da04f u0 com.android.settings/com.oplus.settings.OplusSettingsActivity$DeviceInfoSettingsActivity}
03-11 15:43:25.520  1801  2088 V WindowManager: Changing focus from Window{70da04f u0 com.android.settings/com.oplus.settings.OplusSettingsActivity$DeviceInfoSettingsActivity} to null,diplayid=0
03-11 15:43:25.523  1801  2911 D OplusAppSwitchRuleInfo: generateActivityEnterInfo - launch_source_type =  , launch_source_traceid = 
03-11 15:43:25.526  1801  2088 D WindowManager: updateOrientation: mLastOrientation = SCREEN_ORIENTATION_NOSENSOR(5) newOrientation = SCREEN_ORIENTATION_NOSENSOR(5) forceUpdate = true LastOrientationSource = ActivityRecord{87fdae u0 com.android.settings/com.oplus.settings.feature.homepage.OplusSettingsHomepageActivity t85}
03-11 15:43:25.526  1801  2088 D WindowManager: rotation(ROTATION_0) no changed.
03-11 15:43:25.526  1801  2088 D OplusSplitScreenManagerService: com.android.settings unSupportsSplitScreen by blockList or ForbidActivityList
03-11 15:43:25.526  1801  2088 D OplusSplitScreenManagerService: com.android.settings unSupportsSplitScreen by blockList or ForbidActivityList
03-11 15:43:25.527  1801  2088 I TaskOrganizerController: onTaskInfoChanged taskid 85 config { mBounds=Rect(0, 0 - 1080, 2400) mAppBounds=Rect(0, 107 - 1080, 2400) mMaxBounds=Rect(0, 0 - 1080, 2400) mDisplayRotation=ROTATION_0 mWindowingMode=fullscreen mDisplayWindowingMode=fullscreen mActivityType=standard mAlwaysOnTop=undefined mRotation=ROTATION_0}
03-11 15:43:25.527  1801  2088 D FlexibleWindowManager: onFlexibleWindowTaskInfoChanged: mTaskId = 85 oldIsTaskEmbedded = false   curIsTaskEmbedded = false  topActivity = ComponentInfo{com.android.settings/com.oplus.settings.feature.homepage.OplusSettingsHomepageActivity}
03-11 15:43:25.527  1801  2088 D OplusFlexibleWindowMinimizedManagerHelper: onTaskInfoChanged taskInfo:TaskInfo{userId=0 taskId=85 displayId=0 isRunning=true baseIntent=Intent { act=android.settings.SETTINGS flg=0x14000000 cmp=com.android.settings/com.oplus.settings.feature.homepage.OplusSettingsHomepageActivity mCallingUid=10157 } baseActivity=ComponentInfo{com.android.settings/com.oplus.settings.feature.homepage.OplusSettingsHomepageActivity} topActivity=ComponentInfo{com.android.settings/com.oplus.settings.feature.homepage.OplusSettingsHomepageActivity} origActivity=null realActivity=ComponentInfo{com.android.settings/com.oplus.settings.feature.homepage.OplusSettingsHomepageActivity} numActivities=1 lastActiveTime=9567269 supportsSplitScreenMultiWindow=false supportsMultiWindow=true supportsPocketStudioMultiWindow=true isInFlexibleEmbedded = false uid = 1000 pid = 14355 resizeMode=1 isResizeable=true minWidth=-1 minHeight=-1 defaultMinSize=220 token=WCT{RemoteToken{231d26a Task{1d8f96b #85 type=standard A=1000:com.android.settings.root}}} topActivityType=1 pictureInPictureParams=null shouldDockBigOverlays=false launchIntoPipHostTaskId=-1 lastParentTaskIdBeforePip=-1 displayCutoutSafeInsets=Rect(0, 107 - 0, 0) topActivityInfo=ActivityInfo{fe3f1bd com.oplus.settings.feature.homepage.OplusSettingsHomepageActivity} launchCookies=[] positionInParent=Point(0, 0) parentTaskId=-1 isFocused=true isVisible=true isVisibleRequested=true isSleeping=false topActivityInSizeCompat=false topActivityInOplusCompatMode=false topActivityEligibleForLetterboxEducation= false topActivityLetterboxed= false isFromDoubleTap= false topActivityLetterboxVerticalPosition= -1 topActivityLetterboxHorizontalPosition= -1 topActivityLetterboxWidth=-1 topActivityLetterboxHeight=-1 locusId=null displayAreaFeatureId=1 cameraCompatControlState=hidden locusId= null topActivityLetterboxInsets=Rect(0, 0 - 0, 0)} task:Task{1d8f96b #85 type=standard A=1000:com.android.settings.root}
03-11 15:43:25.528  1801  2088 D TaskFragmentExtImpl: addColorModeOnResume resume=true pkg = com.android.settings
03-11 15:43:25.529  1801  2088 D ActivityTaskManager: setVisibility(Token{922fcc8 ActivityRecord{87fdae u0 com.android.settings/com.oplus.settings.feature.homepage.OplusSettingsHomepageActivity t85}}, visible=true) defer commitVisibility for transition collecting
03-11 15:43:25.529  2493  2643 D ShellTaskOrganizer: dispatchTaskEventToClientIfNeed, eventType:2, taskInfo:TaskInfo{userId=0 taskId=85 displayId=0 isRunning=true baseIntent=Intent { act=android.settings.SETTINGS flg=0x14000000 cmp=com.android.settings/com.oplus.settings.feature.homepage.OplusSettingsHomepageActivity mCallingUid=10157 } baseActivity=ComponentInfo{com.android.settings/com.oplus.settings.feature.homepage.OplusSettingsHomepageActivity} topActivity=ComponentInfo{com.android.settings/com.oplus.settings.feature.homepage.OplusSettingsHomepageActivity} origActivity=null realActivity=ComponentInfo{com.android.settings/com.oplus.settings.feature.homepage.OplusSettingsHomepageActivity} numActivities=1 lastActiveTime=9567269 supportsSplitScreenMultiWindow=false supportsMultiWindow=true supportsPocketStudioMultiWindow=true isInFlexibleEmbedded = false uid = 1000 pid = 14355 resizeMode=1 isResizeable=true minWidth=-1 minHeight=-1 defaultMinSize=220 token=WCT{android.window.IWindowContainerToken$Stub$Proxy@3aacfcb} topActivityType=1 pictureInPictureParams=null shouldDockBigOverlays=false launchIntoPipHostTaskId=-1 lastParentTaskIdBeforePip=-1 displayCutoutSafeInsets=Rect(0, 107 - 0, 0) topActivityInfo=ActivityInfo{d0c83a8 com.oplus.settings.feature.homepage.OplusSettingsHomepageActivity} launchCookies=[] positionInParent=Point(0, 0) parentTaskId=-1 isFocused=true isVisible=true isVisibleRequested=true isSleeping=false topActivityInSizeCompat=false topActivityInOplusCompatMode=false topActivityEligibleForLetterboxEducation= false topActivityLetterboxed= false isFromDoubleTap= false topActivityLetterboxVerticalPosition= -1 topActivityLetterboxHorizontalPosition= -1 topActivityLetterboxWidth=-1 topActivityLetterboxHeight=-1 locusId=null displayAreaFeatureId=1 cameraCompatControlState=hidden locusId= null topActivityLetterboxInsets=Rect(0, 0 - 0, 0)}, leash:null
03-11 15:43:25.541  1801  3230 D LockSettingsStorage: [readSyntheticPasswordState] userId = 0, name = pwd
03-11 15:43:25.546 14355 14355 D ActivityThread: ComponentInfo{com.android.settings/com.oplus.settings.feature.homepage.OplusSettingsHomepageActivity} checkFinished=false 2
03-11 15:43:25.550  1801  2793 D CompatibilityChangeReporter: Compat change id reported: 319212206; UID 1000; state: DISABLED
03-11 15:43:25.551  1801  2793 D CompatibilityChangeReporter: Compat change id reported: 319212206; UID 1000; state: ENABLED
03-11 15:43:25.562 14355 14355 I Quality : Skipped: false 0 cost 16.15577 refreshRate 16804678 bit true processName com.android.settings
03-11 15:43:25.564  1801  2088 D WindowManagerServiceExtImpl: extractConfigInfoAndRealFlags rotation=0, screenDp=360, win=Window{801706d u0 com.android.settings/com.oplus.settings.feature.homepage.OplusSettingsHomepageActivity}
03-11 15:43:25.564  1801  2088 V WindowManager: Relayout Window{801706d u0 com.android.settings/com.oplus.settings.feature.homepage.OplusSettingsHomepageActivity}: viewVisibility=0, oldvis=8, req=1080x2400, vsysui=LAYOUT_STABLE LAYOUT_HIDE_NAVIGATION LAYOUT_FULLSCREEN IMMERSIVE_STICKY
03-11 15:43:25.564  1801  2088 I WindowManager: Window{801706d u0 com.android.settings/com.oplus.settings.feature.homepage.OplusSettingsHomepageActivity} state from NO_SURFACE to DRAW_PENDING; reason: resetDrawState
03-11 15:43:25.568  1801  2088 V WindowManager: Changing focus from null to Window{801706d u0 com.android.settings/com.oplus.settings.feature.homepage.OplusSettingsHomepageActivity},diplayid=0
03-11 15:43:25.573 14355 14355 D VRI[OplusSettingsHomepageActivity]: relayoutWindow result, sizeChanged:false, surfaceControlChanged:true, transformHintChanged:false, mSurfaceSize:Point(1080, 2400), mLastSurfaceSize:Point(1080, 2400), mWidth:1080, mHeight:2400, requestedWidth:1080, requestedHeight:2400, transformHint:0, lastTransformHint:0, installOrientation:0, displayRotation:0, isSurfaceValid:true, attr.flag:-2122252032, useBlast:true, tmpFrames:ClientWindowFrames{frame=[0,0][1080,2400] display=[0,0][1080,2400] parentFrame=[0,0][0,0]}
03-11 15:43:25.573 14355 14355 W VRI[OplusSettingsHomepageActivity]: updateBlastSurfaceIfNeeded, surfaceSize:Point(1080, 2400), lastSurfaceSize:Point(1080, 2400), format:-1, blastBufferQueue:null
03-11 15:43:25.574  1801  2790 V WindowManager: Relayout Window{365acd1 u0 ColorSideGestureRight_displayId_0}: viewVisibility=8, oldvis=0, req=115x2713, vsysui=
03-11 15:43:25.575  1801  2790 I WindowManager: Window{365acd1 u0 ColorSideGestureRight_displayId_0} state from HAS_DRAWN to NO_SURFACE; reason: destroySurface
03-11 15:43:25.612  1801  2790 D OplusTransitionController: onSyncFinishedDrawing, Window{801706d u0 com.android.settings/com.oplus.settings.feature.homepage.OplusSettingsHomepageActivity}
03-11 15:43:25.612  1801  2790 I WindowManager: finishDrawing skipLayout:false Window{801706d u0 com.android.settings/com.oplus.settings.feature.homepage.OplusSettingsHomepageActivity} com.android.server.wm.WindowManagerService.finishDrawingWindow:2972 com.android.server.wm.Session.finishDrawing:311 android.view.IWindowSession$Stub.onTransact:779 
03-11 15:43:25.612  1801  2790 I WindowManager: Window{801706d u0 com.android.settings/com.oplus.settings.feature.homepage.OplusSettingsHomepageActivity} state from DRAW_PENDING to COMMIT_DRAW_PENDING; reason: finishDrawingLocked
03-11 15:43:25.612  1801  2790 D OplusTransitionAnimationManager: skipFinishDrawingIfNeed clientRotation=0, currentRotation=0, hasFixedRotationApp=false, requestedOrientation=5, win=Window{801706d u0 com.android.settings/com.oplus.settings.feature.homepage.OplusSettingsHomepageActivity}, activity=ActivityRecord{87fdae u0 com.android.settings/com.oplus.settings.feature.homepage.OplusSettingsHomepageActivity t85}, currentConfig={1.0 ??mcc??mnc [en_US] ldltr sw360dp w360dp h762dp 480dpi nrml long hdr port night finger -keyb/h/h -nav/h winConfig={ mBounds=Rect(0, 0 - 1080, 2400) mAppBounds=Rect(0, 107 - 1080, 2400) mMaxBounds=Rect(0, 0 - 1080, 2400) mDisplayRotation=ROTATION_0 mWindowingMode=fullscreen mDisplayWindowingMode=fullscreen mActivityType=standard mAlwaysOnTop=undefined mRotation=ROTATION_0} s.1 fontWeightAdjustment=0mThemeChanged= 0, mThemeChangedFlags= 0, mFlipFont= 0, mScenario= -1, mAccessibleChanged= -1, mUxIconConfig= 3468921665061138753, mMaterialColor= 40015, mUserId= 0, mFontUserId= 0, mFontVariationSettings= 226, mFoldingAngle = -1.0, mIconPackName= , mDarkModeBackgroundMaxL= 0.0, mDarkModeDialogBgMaxL= 27.0, mDarkModeForegroundMinL= 100.0, mOplusConfigType= 1, mOplusChangedConfigs= 0, OpSans= -1, mBurmeseFontFlag= 2, mFlag= 0, mFlexibleActivitySuitable= -1, mPuttDisplayFlag= -1}
03-11 15:43:25.614 14355 14355 I Quality : Skipped: false 2 cost 42.663956 refreshRate 16806251 bit true processName com.android.settings
03-11 15:43:25.616  1801  1850 I WindowManager: Window{801706d u0 com.android.settings/com.oplus.settings.feature.homepage.OplusSettingsHomepageActivity} state from COMMIT_DRAW_PENDING to READY_TO_SHOW; reason: commitFinishDrawingLocked
03-11 15:43:25.616  1801  1850 D ActivityTaskManager: Clearing startingData for token=null
03-11 15:43:25.620  1801  1850 D ActivityTaskManager: Clearing startingData for token=null
03-11 15:43:25.620  1801  1850 I WindowManager: Window{801706d u0 com.android.settings/com.oplus.settings.feature.homepage.OplusSettingsHomepageActivity} state from READY_TO_SHOW to HAS_DRAWN; reason: performShowLocked
03-11 15:43:25.621  1801  1850 D OplusFlexibleActivityTransitionManager: fixTransitType type result:2, targets: [ActivityRecord{2ecd05a u0 com.android.settings/com.oplus.settings.OplusSettingsActivity$DeviceInfoSettingsActivity t85 f}}, ActivityRecord{87fdae u0 com.android.settings/com.oplus.settings.feature.homepage.OplusSettingsHomepageActivity t85}]
03-11 15:43:25.625  1801  1850 D OplusTransitionController: onTransactionReady, syncId: 427, 
03-11 15:43:25.625  1801  1850 D OplusTransitionController:  info: {id=427 t=CLOSE f=0x0 trk=0 r=[0@Point(0, 0)] c=[{null m=CLOSE f=FILLS_TASK leash=Surface(name=ActivityRecord{2ecd05a u0 com.android.settings/com.oplus.settings.OplusSettingsActivity$DeviceInfoSettingsActivity t85})/@0xd599c0c sb=Rect(0, 0 - 1080, 2400) eb=Rect(0, 0 - 1080, 2400) d=0},{null m=TO_FRONT f=FILLS_TASK leash=Surface(name=ActivityRecord{87fdae u0 com.android.settings/com.oplus.settings.feature.homepage.OplusSettingsHomepageActivity t85})/@0xefd856d sb=Rect(0, 0 - 1080, 2400) eb=Rect(0, 0 - 1080, 2400) d=0}]}, 
03-11 15:43:25.625  1801  1850 D OplusTransitionController:  targets : [ActivityRecord{2ecd05a u0 com.android.settings/com.oplus.settings.OplusSettingsActivity$DeviceInfoSettingsActivity t85 f}}, ActivityRecord{87fdae u0 com.android.settings/com.oplus.settings.feature.homepage.OplusSettingsHomepageActivity t85}]
03-11 15:43:25.628  1801  1846 V WindowManager: Sent Transition #427 createdAt=03-11 15:43:25.486 via request=TransitionRequestInfo { type = CLOSE, triggerTask = null, remoteTransition = null, displayChange = null }
03-11 15:43:25.628  1801  1846 V WindowManager:     startWCT=WindowContainerTransaction { changes = {} hops = [] errorCallbackToken=null taskFragmentOrganizer=null }
03-11 15:43:25.628  1801  1846 V WindowManager:     info={id=427 t=CLOSE f=0x0 trk=0 r=[0@Point(0, 0)] c=[{null m=CLOSE f=FILLS_TASK leash=Surface(name=ActivityRecord{2ecd05a u0 com.android.settings/com.oplus.settings.OplusSettingsActivity$DeviceInfoSettingsActivity t85})/@0xd599c0c sb=Rect(0, 0 - 1080, 2400) eb=Rect(0, 0 - 1080, 2400) d=0},{null m=TO_FRONT f=FILLS_TASK leash=Surface(name=ActivityRecord{87fdae u0 com.android.settings/com.oplus.settings.feature.homepage.OplusSettingsHomepageActivity t85})/@0xefd856d sb=Rect(0, 0 - 1080, 2400) eb=Rect(0, 0 - 1080, 2400) d=0}]}
03-11 15:43:25.629  2493  2643 V WindowManagerShell: onTransitionReady android.os.BinderProxy@f4dfa9a: {id=427 t=CLOSE f=0x0 trk=0 r=[0@Point(0, 0)] c=[{null m=CLOSE f=FILLS_TASK leash=Surface(name=ActivityRecord{2ecd05a u0 com.android.settings/com.oplus.settings.OplusSettingsActivity$DeviceInfoSettingsActivity t85})/@0xa616ec1 sb=Rect(0, 0 - 1080, 2400) eb=Rect(0, 0 - 1080, 2400) d=0},{null m=TO_FRONT f=FILLS_TASK leash=Surface(name=ActivityRecord{87fdae u0 com.android.settings/com.oplus.settings.feature.homepage.OplusSettingsHomepageActivity t85})/@0x5812666 sb=Rect(0, 0 - 1080, 2400) eb=Rect(0, 0 - 1080, 2400) d=0}]}
03-11 15:43:25.630  2493  2643 V WindowManagerShell: Playing animation for (#427)android.os.BinderProxy@f4dfa9a@0
03-11 15:43:25.630  2493  2643 V WindowManagerShell:  try handler com.oplus.zoom.transition.ZoomTransitionController@5b3d6a4
03-11 15:43:25.630  2493  2643 V WindowManagerShell:  try handler com.android.wm.shell.transition.DefaultMixedHandler@fd08c0d
03-11 15:43:25.630  2493  2643 V WindowManagerShell:  try handler com.android.wm.shell.keyguard.KeyguardTransitionHandler@ae10cb5
03-11 15:43:25.630  2493  2643 V WindowManagerShell:  try handler com.android.wm.shell.activityembedding.ActivityEmbeddingController@cafbf4a
03-11 15:43:25.630  2493  2643 V WindowManagerShell:  try handler com.android.wm.shell.recents.RecentsTransitionHandler@592ebb
03-11 15:43:25.630  2493  2643 V WindowManagerShell: RecentsTransitionHandler.startAnimation: no controller found
03-11 15:43:25.630  2493  2643 V WindowManagerShell:  try handler com.android.wm.shell.pip.PipTransition@1d80fd8
03-11 15:43:25.630  2493  2643 V WindowManagerShell:  try handler com.android.wm.shell.splitscreen.StageCoordinator@6e2bf31
03-11 15:43:25.630  2493  2643 V WindowManagerShell:  try handler com.oplus.flexibleactivity.FlexibleActivityTransitionHandler@5b28616
03-11 15:43:25.630  2493  2643 V WindowManagerShell:  try handler OnePuttTransitionHandler
03-11 15:43:25.631  2493  2643 V WindowManagerShell:  try handler com.android.wm.shell.transition.RemoteTransitionHandler@82970e9
03-11 15:43:25.631  2493  2643 V WindowManagerShell: Transition doesn't have explicit remote, search filters for match for {id=427 t=CLOSE f=0x0 trk=0 r=[0@Point(0, 0)] c=[{null m=CLOSE f=FILLS_TASK leash=Surface(name=ActivityRecord{2ecd05a u0 com.android.settings/com.oplus.settings.OplusSettingsActivity$DeviceInfoSettingsActivity t85})/@0xa616ec1 sb=Rect(0, 0 - 1080, 2400) eb=Rect(0, 0 - 1080, 2400) d=0},{null m=TO_FRONT f=FILLS_TASK leash=Surface(name=ActivityRecord{87fdae u0 com.android.settings/com.oplus.settings.feature.homepage.OplusSettingsHomepageActivity t85})/@0x5812666 sb=Rect(0, 0 - 1080, 2400) eb=Rect(0, 0 - 1080, 2400) d=0}]}
03-11 15:43:25.631  2493  2643 V WindowManagerShell:  Checking filter Pair{{types=[] flags=0x0] notFlags=0x100 checks=[{atype=home independent=true modes=[OPEN,TO_FRONT] flags=NONE mustBeTask=false order=TOP topActivity=ComponentInfo{com.android.launcher/com.android.launcher.Launcher}},{atype=standard independent=true modes=[CLOSE,TO_BACK] flags=NONE mustBeTask=false order=ANY topActivity=null}]} RemoteTransition { remoteTransition = android.window.IRemoteTransition$Stub$Proxy@4876b50, appThread = android.app.IApplicationThread$Stub$Proxy@3b4149, debugName = QuickstepLaunchHome }}
03-11 15:43:25.631  2493  2643 V WindowManagerShell:  Delegate animation for #427 to null
03-11 15:43:25.631  2493  2643 V WindowManagerShell:  try handler com.android.wm.shell.transition.DefaultTransitionHandler@53d01f0
03-11 15:43:25.631  2493  2643 V WindowManagerShell: start default transition animation, info = {id=427 t=CLOSE f=0x0 trk=0 r=[0@Point(0, 0)] c=[{null m=CLOSE f=FILLS_TASK leash=Surface(name=ActivityRecord{2ecd05a u0 com.android.settings/com.oplus.settings.OplusSettingsActivity$DeviceInfoSettingsActivity t85})/@0xa616ec1 sb=Rect(0, 0 - 1080, 2400) eb=Rect(0, 0 - 1080, 2400) d=0},{null m=TO_FRONT f=FILLS_TASK leash=Surface(name=ActivityRecord{87fdae u0 com.android.settings/com.oplus.settings.feature.homepage.OplusSettingsHomepageActivity t85})/@0x5812666 sb=Rect(0, 0 - 1080, 2400) eb=Rect(0, 0 - 1080, 2400) d=0}]}
03-11 15:43:25.636  1801  1850 D OplusSplitScreenManagerService: com.android.settings unSupportsSplitScreen by blockList or ForbidActivityList
03-11 15:43:25.636  1801  1850 D OplusSplitScreenManagerService: com.android.settings unSupportsSplitScreen by blockList or ForbidActivityList
03-11 15:43:25.638  1801  3230 D OplusSplitScreenManagerService: com.android.settings unSupportsSplitScreen by blockList or ForbidActivityList
03-11 15:43:25.638  2493  2643 V WindowManagerShell:  animated by com.android.wm.shell.transition.DefaultTransitionHandler@53d01f0
03-11 15:43:25.638  1801  3230 D OplusSplitScreenManagerService: com.android.settings unSupportsSplitScreen by blockList or ForbidActivityList
03-11 15:43:25.640  1801  1850 D ActivityTaskManager: Clearing startingData for token=null
03-11 15:43:25.643  1801  3230 D OplusSplitScreenManagerService: com.android.settings unSupportsSplitScreen by blockList or ForbidActivityList
03-11 15:43:25.643  1801  3230 D OplusSplitScreenManagerService: com.android.settings unSupportsSplitScreen by blockList or ForbidActivityList
03-11 15:43:25.649  1801  5469 D OplusSplitScreenManagerService: com.android.settings unSupportsSplitScreen by blockList or ForbidActivityList
03-11 15:43:25.649  1801  5469 D OplusSplitScreenManagerService: com.android.settings unSupportsSplitScreen by blockList or ForbidActivityList
03-11 15:43:25.649  1801  3230 D OplusSplitScreenManagerService: com.android.settings unSupportsSplitScreen by blockList or ForbidActivityList
03-11 15:43:25.649  1801  3230 D OplusSplitScreenManagerService: com.android.settings unSupportsSplitScreen by blockList or ForbidActivityList
03-11 15:43:25.653  1801  2793 D InputMethodManagerService: isSecurity: attribute.packageName = com.android.settings mCurMethodId = com.google.android.inputmethod.latin/com.android.inputmethod.latin.LatinIME isSecurity = false ( enable = false needShow = false inBlackList = false isExist = true )
03-11 15:43:25.662  1801  3230 W PackageConfigPersister: App-specific configuration not found for packageName: com.android.settings and userId: 0
03-11 15:43:25.670  2493  2493 W VRI[StatusBar]: handleResized abandoned!
03-11 15:43:25.670  2493  2493 W VRI[NavigationBar_displayId_0]: handleResized abandoned!
03-11 15:43:25.680 14355 14355 W VRI[OplusSettingsHomepageActivity]: handleResized abandoned!
03-11 15:43:25.971  1801  3230 D OplusSplitScreenManagerService: com.android.settings unSupportsSplitScreen by blockList or ForbidActivityList
03-11 15:43:25.971  1801  3230 D OplusSplitScreenManagerService: com.android.settings unSupportsSplitScreen by blockList or ForbidActivityList
03-11 15:43:25.972  1801  3230 D OplusSplitScreenManagerService: com.android.settings unSupportsSplitScreen by blockList or ForbidActivityList
03-11 15:43:25.972  1801  3230 D OplusSplitScreenManagerService: com.android.settings unSupportsSplitScreen by blockList or ForbidActivityList
03-11 15:43:26.000  2493  2643 V WindowManagerShell: Transition animation finished (aborted=false), notifying core (#427)android.os.BinderProxy@f4dfa9a@0
03-11 15:43:26.006  1801  1846 V WindowManager: Finish Transition #427: created at 03-11 15:43:25.486 collect-started=0.331ms request-sent=1.644ms started=18.26ms ready=43.474ms sent=139.717ms finished=518.395ms
03-11 15:43:26.007  1801  5469 I OplusAppSwitchManagerService:  handleAppVisible , r = ActivityRecord{87fdae u0 com.android.settings/com.oplus.settings.feature.homepage.OplusSettingsHomepageActivity t85}
03-11 15:43:26.009  1801  5469 D OplusTransitionController: finishTransition, transition: TransitionRecord{492421d id=427 type=CLOSE flags=0x0}
03-11 15:43:26.009  1801  5469 D OplusTransitionAnimationManager: commitVisibilityWhenFinishTransition type=2, ar.isVisibleRequested=true, ar.isVisible=true, ar.isVisibleRequested=true, ar=ActivityRecord{87fdae u0 com.android.settings/com.oplus.settings.feature.homepage.OplusSettingsHomepageActivity t85} ar type 1 ar state :RESUMED displayid :0, participants={ActivityRecord{87fdae u0 com.android.settings/com.oplus.settings.feature.homepage.OplusSettingsHomepageActivity t85}, ActivityRecord{2ecd05a u0 com.android.settings/com.oplus.settings.OplusSettingsActivity$DeviceInfoSettingsActivity t85 f}}}
03-11 15:43:26.009  1801  5469 D OplusTransitionAnimationManager: commitVisibilityWhenFinishTransition type=2, ar.isVisibleRequested=false, ar.isVisible=false, ar.isVisibleRequested=false, ar=ActivityRecord{2ecd05a u0 com.android.settings/com.oplus.settings.OplusSettingsActivity$DeviceInfoSettingsActivity t85 f}} ar type 1 ar state :STOPPING displayid :0, participants={ActivityRecord{87fdae u0 com.android.settings/com.oplus.settings.feature.homepage.OplusSettingsHomepageActivity t85}, ActivityRecord{2ecd05a u0 com.android.settings/com.oplus.settings.OplusSettingsActivity$DeviceInfoSettingsActivity t85 f}}}
03-11 15:43:26.009  1801  5469 D TransitionController: NFW_send RECOMPUTE_FOCUS in finishTransition
03-11 15:43:26.010  2493  2643 D ShellTaskOrganizer: onTransitionFinish, isRecent:false
03-11 15:43:26.011  2493  2643 V WindowManagerShell: Track 0 became idle
03-11 15:43:26.011  2493  2643 V WindowManagerShell: All active transition animations finished
03-11 15:43:26.019  1801  1850 D OplusSplitScreenManagerService: com.android.settings unSupportsSplitScreen by blockList or ForbidActivityList
03-11 15:43:26.020  1801  1850 D OplusSplitScreenManagerService: com.android.settings unSupportsSplitScreen by blockList or ForbidActivityList
03-11 15:43:26.020  1801  3230 D WindowManagerServiceExtImpl: extractConfigInfoAndRealFlags rotation=0, screenDp=360, win=Window{70da04f u0 com.android.settings/com.oplus.settings.OplusSettingsActivity$DeviceInfoSettingsActivity}
03-11 15:43:26.021  1801  3230 V WindowManager: Relayout Window{70da04f u0 com.android.settings/com.oplus.settings.OplusSettingsActivity$DeviceInfoSettingsActivity}: viewVisibility=8, oldvis=0, req=1080x2400, vsysui=LAYOUT_STABLE LAYOUT_HIDE_NAVIGATION LAYOUT_FULLSCREEN IMMERSIVE_STICKY
03-11 15:43:26.026 14355 14355 D VRI[OplusSettingsActivity$DeviceInfoSettingsActivity]: relayoutWindow result, sizeChanged:false, surfaceControlChanged:true, transformHintChanged:false, mSurfaceSize:Point(1080, 2400), mLastSurfaceSize:Point(1080, 2400), mWidth:1080, mHeight:2400, requestedWidth:1080, requestedHeight:2400, transformHint:0, lastTransformHint:0, installOrientation:0, displayRotation:0, isSurfaceValid:false, attr.flag:-2122252032, useBlast:true, tmpFrames:ClientWindowFrames{frame=[0,0][1080,2400] display=[0,0][1080,2400] parentFrame=[0,0][0,0]}
03-11 15:43:26.032  1801  1849 D OplusInterceptLockScreenWindow: starting IOplusLockScreenCallbacks service...
03-11 15:43:26.045  1801  3230 D CoreBackPreview: Window{70da04f u0 com.android.settings/com.oplus.settings.OplusSettingsActivity$DeviceInfoSettingsActivity}: Setting back callback null
03-11 15:43:26.047  1801  5469 I WindowManager: Window{70da04f u0 com.android.settings/com.oplus.settings.OplusSettingsActivity$DeviceInfoSettingsActivity} state from HAS_DRAWN to NO_SURFACE; reason: destroySurface
03-11 15:43:26.058  1801  5469 D SnapshotCache: removeRunningEntry id: 85, callers=com.android.server.wm.SnapshotCache.onAppRemoved:71 com.android.server.wm.AbsAppSnapshotController.onAppRemoved:611 com.android.server.wm.SnapshotController.onAppRemoved:205 
03-11 15:43:26.058  1801  5469 D ActivityTaskManager: removeAppToken: ActivityRecord{2ecd05a u0 com.android.settings/com.oplus.settings.OplusSettingsActivity$DeviceInfoSettingsActivity t85 f}} delayed=false parent=Task{1d8f96b #85 type=standard A=1000:com.android.settings.root} animating=false Callers=com.android.server.wm.DisplayContent.removeAppToken:1669 com.android.server.wm.ActivityRecord.removeFromHistory:4634 com.android.server.wm.ActivityRecord.destroyed:4727 com.android.server.wm.ActivityClientController.activityDestroyed:333 
03-11 15:43:26.060  1801  5469 D OplusSplitScreenManagerService: com.android.settings unSupportsSplitScreen by blockList or ForbidActivityList
03-11 15:43:26.060  1801  5469 D OplusSplitScreenManagerService: com.android.settings unSupportsSplitScreen by blockList or ForbidActivityList
03-11 15:43:26.060  1801  5469 D TaskFragmentExtImpl: remove ActivityRecord{2ecd05a u0 com.android.settings/com.oplus.settings.OplusSettingsActivity$DeviceInfoSettingsActivity t-1 f}} to mActivityRecordSum = Counter{ com.android.settings/com.oplus.settings.feature.homepage.OplusSettingsHomepageActivity(1) }
03-11 15:43:26.069  1801  1850 D OplusSplitScreenManagerService: com.android.settings unSupportsSplitScreen by blockList or ForbidActivityList
03-11 15:43:26.069  1801  1850 D OplusSplitScreenManagerService: com.android.settings unSupportsSplitScreen by blockList or ForbidActivityList
03-11 15:43:26.070  1801  1850 I TaskOrganizerController: onTaskInfoChanged taskid 85 config { mBounds=Rect(0, 0 - 1080, 2400) mAppBounds=Rect(0, 107 - 1080, 2400) mMaxBounds=Rect(0, 0 - 1080, 2400) mDisplayRotation=ROTATION_0 mWindowingMode=fullscreen mDisplayWindowingMode=fullscreen mActivityType=standard mAlwaysOnTop=undefined mRotation=ROTATION_0}
03-11 15:43:26.070  1801  1850 D FlexibleWindowManager: onFlexibleWindowTaskInfoChanged: mTaskId = 85 oldIsTaskEmbedded = false   curIsTaskEmbedded = false  topActivity = ComponentInfo{com.android.settings/com.oplus.settings.feature.homepage.OplusSettingsHomepageActivity}
03-11 15:43:26.071  1801  1850 D OplusFlexibleWindowMinimizedManagerHelper: onTaskInfoChanged taskInfo:TaskInfo{userId=0 taskId=85 displayId=0 isRunning=true baseIntent=Intent { act=android.settings.SETTINGS flg=0x14000000 cmp=com.android.settings/com.oplus.settings.feature.homepage.OplusSettingsHomepageActivity mCallingUid=10157 } baseActivity=ComponentInfo{com.android.settings/com.oplus.settings.feature.homepage.OplusSettingsHomepageActivity} topActivity=ComponentInfo{com.android.settings/com.oplus.settings.feature.homepage.OplusSettingsHomepageActivity} origActivity=null realActivity=ComponentInfo{com.android.settings/com.oplus.settings.feature.homepage.OplusSettingsHomepageActivity} numActivities=1 lastActiveTime=9567269 supportsSplitScreenMultiWindow=false supportsMultiWindow=true supportsPocketStudioMultiWindow=true isInFlexibleEmbedded = false uid = 1000 pid = 14355 resizeMode=1 isResizeable=true minWidth=-1 minHeight=-1 defaultMinSize=220 token=WCT{RemoteToken{231d26a Task{1d8f96b #85 type=standard A=1000:com.android.settings.root}}} topActivityType=1 pictureInPictureParams=null shouldDockBigOverlays=false launchIntoPipHostTaskId=-1 lastParentTaskIdBeforePip=-1 displayCutoutSafeInsets=Rect(0, 107 - 0, 0) topActivityInfo=ActivityInfo{fe3f1bd com.oplus.settings.feature.homepage.OplusSettingsHomepageActivity} launchCookies=[] positionInParent=Point(0, 0) parentTaskId=-1 isFocused=true isVisible=true isVisibleRequested=true isSleeping=false topActivityInSizeCompat=false topActivityInOplusCompatMode=false topActivityEligibleForLetterboxEducation= false topActivityLetterboxed= false isFromDoubleTap= false topActivityLetterboxVerticalPosition= -1 topActivityLetterboxHorizontalPosition= -1 topActivityLetterboxWidth=-1 topActivityLetterboxHeight=-1 locusId=null displayAreaFeatureId=1 cameraCompatControlState=hidden locusId= null topActivityLetterboxInsets=Rect(0, 0 - 0, 0)} task:Task{1d8f96b #85 type=standard A=1000:com.android.settings.root}
03-11 15:43:26.072  2493  2643 D ShellTaskOrganizer: dispatchTaskEventToClientIfNeed, eventType:2, taskInfo:TaskInfo{userId=0 taskId=85 displayId=0 isRunning=true baseIntent=Intent { act=android.settings.SETTINGS flg=0x14000000 cmp=com.android.settings/com.oplus.settings.feature.homepage.OplusSettingsHomepageActivity mCallingUid=10157 } baseActivity=ComponentInfo{com.android.settings/com.oplus.settings.feature.homepage.OplusSettingsHomepageActivity} topActivity=ComponentInfo{com.android.settings/com.oplus.settings.feature.homepage.OplusSettingsHomepageActivity} origActivity=null realActivity=ComponentInfo{com.android.settings/com.oplus.settings.feature.homepage.OplusSettingsHomepageActivity} numActivities=1 lastActiveTime=9567269 supportsSplitScreenMultiWindow=false supportsMultiWindow=true supportsPocketStudioMultiWindow=true isInFlexibleEmbedded = false uid = 1000 pid = 14355 resizeMode=1 isResizeable=true minWidth=-1 minHeight=-1 defaultMinSize=220 token=WCT{android.window.IWindowContainerToken$Stub$Proxy@ab8d884} topActivityType=1 pictureInPictureParams=null shouldDockBigOverlays=false launchIntoPipHostTaskId=-1 lastParentTaskIdBeforePip=-1 displayCutoutSafeInsets=Rect(0, 107 - 0, 0) topActivityInfo=ActivityInfo{cc4986d com.oplus.settings.feature.homepage.OplusSettingsHomepageActivity} launchCookies=[] positionInParent=Point(0, 0) parentTaskId=-1 isFocused=true isVisible=true isVisibleRequested=true isSleeping=false topActivityInSizeCompat=false topActivityInOplusCompatMode=false topActivityEligibleForLetterboxEducation= false topActivityLetterboxed= false isFromDoubleTap= false topActivityLetterboxVerticalPosition= -1 topActivityLetterboxHorizontalPosition= -1 topActivityLetterboxWidth=-1 topActivityLetterboxHeight=-1 locusId=null displayAreaFeatureId=1 cameraCompatControlState=hidden locusId= null topActivityLetterboxInsets=Rect(0, 0 - 0, 0)}, leash:null
03-11 15:43:26.150  1801  2158 D PowerManagerService: userActivityNoUpdateLocked: groupId=0, eventTime=5280079, event=touch, flags=0x0, uid=1000
03-11 15:43:26.256  1801  2158 D PowerManagerService: userActivityNoUpdateLocked: groupId=0, eventTime=5280184, event=touch, flags=0x0, uid=1000
03-11 15:43:26.443  1801  5469 D OplusSplitScreenManagerService: com.android.settings unSupportsSplitScreen by blockList or ForbidActivityList
03-11 15:43:26.443  1801  5469 D OplusSplitScreenManagerService: com.android.settings unSupportsSplitScreen by blockList or ForbidActivityList
03-11 15:43:26.696  1801  2158 D PowerManagerService: userActivityNoUpdateLocked: groupId=0, eventTime=5280626, event=touch, flags=0x0, uid=1000
03-11 15:43:26.705  2493  2643 D ShellBackPreview: initAnimation mMotionStarted=false
03-11 15:43:26.705  1801  5469 D CoreBackPreview: Focused window found using getFocusedWindowToken
03-11 15:43:26.705  1801  5469 D CoreBackPreview: startBackNavigation currentTask=Task{1d8f96b #85 type=standard A=1000:com.android.settings.root}, topRunningActivity=ActivityRecord{87fdae u0 com.android.settings/com.oplus.settings.feature.homepage.OplusSettingsHomepageActivity t85}, callbackInfo=OnBackInvokedCallbackInfo{mCallback=android.window.IOnBackInvokedCallback$Stub$Proxy@77584f2, mPriority=0, mIsAnimationCallback=false}, currentFocus=Window{801706d u0 com.android.settings/com.oplus.settings.feature.homepage.OplusSettingsHomepageActivity}
03-11 15:43:26.706  2493  2643 D ShellBackPreview: Received backNavigationInfo:BackNavigationInfo{mType=TYPE_CALLBACK (4), mOnBackNavigationDone=android.os.RemoteCallback@32a2d33, mOnBackInvokedCallback=android.window.IOnBackInvokedCallback$Stub$Proxy@b2cf8f0, mPrepareRemoteAnimation=false, mAnimationCallback=false, mCustomizeAnimationInfo=null}
03-11 15:43:26.707  1801  5469 D OplusAppListInterceptManager: shouldFilterTask
03-11 15:43:26.708  1801  5469 D OplusAppListInterceptManager: shouldFilterTask::packageName = com.android.settings
03-11 15:43:26.708  1801  5469 D OplusSplitScreenManagerService: com.android.settings unSupportsSplitScreen by blockList or ForbidActivityList
03-11 15:43:26.708  1801  5469 D OplusSplitScreenManagerService: com.android.settings unSupportsSplitScreen by blockList or ForbidActivityList
03-11 15:43:26.708  1801  5469 D OplusAppListInterceptManager: shouldFilterTask
03-11 15:43:26.708  1801  5469 D OplusAppListInterceptManager: shouldFilterTask::packageName = com.oplus.ota
03-11 15:43:26.708  1801  5469 D ActivityTaskManager: Skipping, invisible task: Task{c1524c8 #2 type=home I=com.android.launcher/.Launcher}
03-11 15:43:26.708  1801  5469 D OplusAppListInterceptManager: shouldFilterTask
03-11 15:43:26.708  1801  5469 D OplusAppListInterceptManager: shouldFilterTask::packageName = com.blockchainvault
03-11 15:43:26.709  1801  5469 D OplusAppListInterceptManager: shouldFilterTask
03-11 15:43:26.709  1801  5469 D OplusAppListInterceptManager: shouldFilterTask::packageName = com.whatsapp
03-11 15:43:26.709  1801  5469 D OplusAppListInterceptManager: shouldFilterTask
03-11 15:43:26.709  1801  5469 D OplusAppListInterceptManager: shouldFilterTask::packageName = com.google.android.dialer
03-11 15:43:26.709  1801  5469 D ActivityTaskManager: after skip size 5
03-11 15:43:26.712  1801  1847 D WindowManager: request show transient bar, navigationBar already visible
03-11 15:43:26.717  1801  5469 V WindowManager: Relayout Window{365acd1 u0 ColorSideGestureRight_displayId_0}: viewVisibility=0, oldvis=8, req=115x2713, vsysui=
03-11 15:43:26.717  1801  5469 I WindowManager: Window{365acd1 u0 ColorSideGestureRight_displayId_0} state from NO_SURFACE to DRAW_PENDING; reason: resetDrawState
03-11 15:43:26.724  1801  3230 D OplusSplitScreenManagerService: com.android.settings unSupportsSplitScreen by blockList or ForbidActivityList
03-11 15:43:26.724  1801  3230 D OplusSplitScreenManagerService: com.android.settings unSupportsSplitScreen by blockList or ForbidActivityList
03-11 15:43:26.740  1801  3230 I WindowManager: Window{365acd1 u0 ColorSideGestureRight_displayId_0} state from DRAW_PENDING to COMMIT_DRAW_PENDING; reason: finishDrawingLocked
03-11 15:43:26.742  1801  1850 I WindowManager: Window{365acd1 u0 ColorSideGestureRight_displayId_0} state from COMMIT_DRAW_PENDING to READY_TO_SHOW; reason: commitFinishDrawingLocked
03-11 15:43:26.742  1801  1850 I WindowManager: Window{365acd1 u0 ColorSideGestureRight_displayId_0} state from READY_TO_SHOW to HAS_DRAWN; reason: performShowLocked
03-11 15:43:26.800  1801  2158 D PowerManagerService: userActivityNoUpdateLocked: groupId=0, eventTime=5280732, event=touch, flags=0x0, uid=1000
03-11 15:43:26.932  1801  2158 D PowerManagerService: userActivityNoUpdateLocked: groupId=0, eventTime=5280862, event=touch, flags=0x0, uid=1000
03-11 15:43:27.038  1801  2158 D PowerManagerService: userActivityNoUpdateLocked: groupId=0, eventTime=5280969, event=touch, flags=0x0, uid=1000
03-11 15:43:27.095  2493  2643 D ShellBackPreview: Finishing gesture with event action: 1
03-11 15:43:27.095  2493  2643 D ShellBackPreview: onGestureFinished() mTriggerBack == false
03-11 15:43:27.095  2493  2643 D ShellBackPreview: BackAnimationController: finishBackNavigation()
03-11 15:43:27.096  1801  5469 D CoreBackPreview: onBackNavigationDone backType=4, triggerBack=false
03-11 15:43:27.308  1801  5469 V WindowManager: Relayout Window{365acd1 u0 ColorSideGestureRight_displayId_0}: viewVisibility=8, oldvis=0, req=115x2713, vsysui=
03-11 15:43:27.308  1801  5469 I WindowManager: Window{365acd1 u0 ColorSideGestureRight_displayId_0} state from HAS_DRAWN to NO_SURFACE; reason: destroySurface
03-11 15:43:27.520  1801  2158 D PowerManagerService: userActivityNoUpdateLocked: groupId=0, eventTime=5281450, event=touch, flags=0x0, uid=1000
03-11 15:43:27.534  1801  5469 W ProcessStats: Tracking association SourceState{5860bc7 com.google.android.gms.persistent/10103 BTop #55973} whose proc state 2 is better than process ProcessState{2740ce0 com.google.android.adservices.api/10313 pkg=com.google.android.adservices.api} proc state 14 (63 skipped)
03-11 15:43:27.642  1801  2158 D PowerManagerService: userActivityNoUpdateLocked: groupId=0, eventTime=5281572, event=touch, flags=0x0, uid=1000
03-11 15:43:27.681  1801  3230 D InputMethodManagerService: isSecurity: attribute.packageName = com.android.settings mCurMethodId = com.google.android.inputmethod.latin/com.android.inputmethod.latin.LatinIME isSecurity = false ( enable = false needShow = false inBlackList = false isExist = true )
03-11 15:43:27.705  1801  2793 W PackageConfigPersister: App-specific configuration not found for packageName: com.android.settings and userId: 0
03-11 15:43:27.705 14355 14355 W ContextImpl: Calling a method in the system process without a qualified user: android.app.ContextImpl.bindService:2032 android.content.ContextWrapper.bindService:871 android.content.ContextWrapper.bindService:871 com.oplus.settings.feature.homepage.search.SearchPresenter.bindSearchService:134 com.oplus.settings.feature.homepage.search.SearchPresenter.attach:38 
03-11 15:43:27.707  1801  2793 D CompatibilityChangeReporter: Compat change id reported: 135634846; UID 10154; state: DISABLED
03-11 15:43:27.707  1801  2793 D CompatibilityChangeReporter: Compat change id reported: 177438394; UID 10154; state: DISABLED
03-11 15:43:27.707  1801  2793 D CompatibilityChangeReporter: Compat change id reported: 135772972; UID 10154; state: DISABLED
03-11 15:43:27.707  1801  2793 D CompatibilityChangeReporter: Compat change id reported: 135754954; UID 10154; state: ENABLED
03-11 15:43:27.708  1801  1864 D CompatibilityChangeReporter: Compat change id reported: 143937733; UID 10154; state: ENABLED
03-11 15:43:27.709 14355 14355 I Quality : Skipped: false 2 cost 37.16736 refreshRate 16809058 bit true processName com.android.settings
03-11 15:43:27.714  1801  1864 I ActivityManager: Start proc 19058:com.android.settings.intelligence/u0a154 for service {com.android.settings.intelligence/com.android.settings.intelligence.search.external.SettingsSearchManagerService}
03-11 15:43:27.731  1801  2790 D WindowManagerServiceExtImpl: extractConfigInfoAndRealFlags rotation=0, screenDp=720, win=Window{7ffe737 u0 InputMethod}
03-11 15:43:27.731  1801  2790 V WindowManager: Relayout Window{7ffe737 u0 InputMethod}: viewVisibility=0, oldvis=8, req=1080x2287, vsysui=
03-11 15:43:27.732  1801  2790 I WindowManager: Window{7ffe737 u0 InputMethod} state from NO_SURFACE to DRAW_PENDING; reason: resetDrawState
03-11 15:43:27.737  2493  2493 W VRI[StatusBar]: handleResized abandoned!
03-11 15:43:27.737  2493  2493 W VRI[NavigationBar_displayId_0]: handleResized abandoned!
03-11 15:43:27.738 12692 12692 W VRI[InputMethod]: updateBlastSurfaceIfNeeded, surfaceSize:Point(1080, 2287), lastSurfaceSize:Point(1080, 2287), format:-2, blastBufferQueue:null
03-11 15:43:27.743  2493  2493 W VRI[NavigationBar_displayId_0]: handleResized abandoned!
03-11 15:43:27.743  2493  2493 W VRI[StatusBar]: handleResized abandoned!
03-11 15:43:27.745  1801  2793 D CoreBackPreview: Window{801706d u0 com.android.settings/com.oplus.settings.feature.homepage.OplusSettingsHomepageActivity}: Setting back callback OnBackInvokedCallbackInfo{mCallback=android.window.IOnBackInvokedCallback$Stub$Proxy@707d01d, mPriority=0, mIsAnimationCallback=false}
03-11 15:43:27.746 14355 14355 W VRI[OplusSettingsHomepageActivity]: handleResized abandoned!
03-11 15:43:27.751  1801  2793 D CompatibilityChangeReporter: Compat change id reported: 168419799; UID 10154; state: DISABLED
03-11 15:43:27.751  1801  2793 D CompatibilityChangeReporter: Compat change id reported: 273564678; UID 10154; state: DISABLED
03-11 15:43:27.752  1801  2793 D ActivityTaskManagerServiceExtImpl: preBindApplication record is null
03-11 15:43:27.754  1801  2114 D CompatibilityChangeReporter: Compat change id reported: 265195908; UID 10154; state: ENABLED
03-11 15:43:27.754  1801  2416 D OplusSplitScreenManagerService: com.android.settings unSupportsSplitScreen by blockList or ForbidActivityList
03-11 15:43:27.754  1801  2416 D OplusSplitScreenManagerService: com.android.settings unSupportsSplitScreen by blockList or ForbidActivityList
03-11 15:43:27.755  1801  2089 D OplusSplitScreenManagerService: com.android.settings unSupportsSplitScreen by blockList or ForbidActivityList
03-11 15:43:27.755  1801  2089 D OplusSplitScreenManagerService: com.android.settings unSupportsSplitScreen by blockList or ForbidActivityList
