03-11 15:43:17.395  1801  1846 V WindowManager: Sent Transition #424 createdAt=03-11 15:43:17.239 via request=TransitionRequestInfo { type = OPEN, triggerTask = TaskInfo{userId=0 taskId=85 displayId=0 isRunning=true baseIntent=Intent { act=android.settings.SETTINGS flg=0x14000000 cmp=com.android.settings/com.oplus.settings.feature.homepage.OplusSettingsHomepageActivity mCallingUid=10157 } baseActivity=ComponentInfo{com.android.settings/com.oplus.settings.feature.homepage.OplusSettingsHomepageActivity} topActivity=ComponentInfo{com.android.settings/com.android.settings.password.ConfirmLockPattern} origActivity=null realActivity=ComponentInfo{com.android.settings/com.oplus.settings.feature.homepage.OplusSettingsHomepageActivity} numActivities=4 lastActiveTime=9558997 supportsSplitScreenMultiWindow=false supportsMultiWindow=true supportsPocketStudioMultiWindow=true isInFlexibleEmbedded = false uid = 1000 pid = 0 resizeMode=1 isResizeable=true minWidth=-1 minHeight=-1 defaultMinSize=220 token=WCT{RemoteToken{231d26a Task{1d8f96b #85 type=standard A=1000:com.android.settings.root}}} topActivityType=1 pictureInPictureParams=null shouldDockBigOverlays=false launchIntoPipHostTaskId=-1 lastParentTaskIdBeforePip=-1 displayCutoutSafeInsets=Rect(0, 107 - 0, 0) topActivityInfo=ActivityInfo{9a336d8 com.android.settings.password.ConfirmLockPattern} launchCookies=[] positionInParent=Point(0, 0) parentTaskId=-1 isFocused=true isVisible=true isVisibleRequested=true isSleeping=false topActivityInSizeCompat=false topActivityInOplusCompatMode=false topActivityEligibleForLetterboxEducation= false topActivityLetterboxed= false isFromDoubleTap= false topActivityLetterboxVerticalPosition= -1 topActivityLetterboxHorizontalPosition= -1 topActivityLetterboxWidth=-1 topActivityLetterboxHeight=-1 locusId=null displayAreaFeatureId=1 cameraCompatControlState=hidden locusId= null topActivityLetterboxInsets=Rect(0, 0 - 0, 0)}, remoteTransition = null, displayChange = null }
03-11 15:43:17.395  1801  1846 V WindowManager:     startWCT=WindowContainerTransaction { changes = {} hops = [] errorCallbackToken=null taskFragmentOrganizer=null }
03-11 15:43:17.395  2493  2643 V WindowManagerShell:  try handler com.oplus.zoom.transition.ZoomTransitionController@5b3d6a4
03-11 15:43:17.395  1801  1846 V WindowManager:     info={id=424 t=OPEN f=0x0 trk=0 r=[0@Point(0, 0)] c=[{null m=OPEN f=FILLS_TASK leash=Surface(name=ActivityRecord{8445a31 u0 com.android.settings/.password.ConfirmLockPattern t85})/@0x6e83926 sb=Rect(0, 0 - 0, 0) eb=Rect(0, 0 - 1080, 2400) d=-1->0 r=-1->0:-1},{null m=TO_BACK f=FILLS_TASK leash=Surface(name=ActivityRecord{40cbee8 u0 com.android.settings/.SubSettings t85})/@0x74b7de2 sb=Rect(0, 0 - 1080, 2400) eb=Rect(0, 0 - 1080, 2400) d=0}]}
03-11 15:43:17.395  2493  2643 V WindowManagerShell:  try handler com.android.wm.shell.transition.DefaultMixedHandler@fd08c0d
03-11 15:43:17.395  2493  2643 V WindowManagerShell:  try handler com.android.wm.shell.keyguard.KeyguardTransitionHandler@ae10cb5
03-11 15:43:17.395  2493  2643 V WindowManagerShell:  try handler com.android.wm.shell.activityembedding.ActivityEmbeddingController@cafbf4a
03-11 15:43:17.395  2493  2643 V WindowManagerShell:  try handler com.android.wm.shell.recents.RecentsTransitionHandler@592ebb
03-11 15:43:17.395  2493  2643 V WindowManagerShell: RecentsTransitionHandler.startAnimation: no controller found
03-11 15:43:17.395  2493  2643 V WindowManagerShell:  try handler com.android.wm.shell.pip.PipTransition@1d80fd8
03-11 15:43:17.396  2493  2643 V WindowManagerShell:  try handler com.android.wm.shell.splitscreen.StageCoordinator@6e2bf31
03-11 15:43:17.396  2493  2643 V WindowManagerShell:  try handler com.oplus.flexibleactivity.FlexibleActivityTransitionHandler@5b28616
03-11 15:43:17.396  2493  2643 V WindowManagerShell:  try handler OnePuttTransitionHandler
03-11 15:43:17.396  2493  2643 V WindowManagerShell:  try handler com.android.wm.shell.transition.RemoteTransitionHandler@82970e9
03-11 15:43:17.396  2493  2643 V WindowManagerShell: Transition doesn't have explicit remote, search filters for match for {id=424 t=OPEN f=0x0 trk=0 r=[0@Point(0, 0)] c=[{null m=OPEN f=FILLS_TASK leash=Surface(name=ActivityRecord{8445a31 u0 com.android.settings/.password.ConfirmLockPattern t85})/@0xc8172fa sb=Rect(0, 0 - 0, 0) eb=Rect(0, 0 - 1080, 2400) d=-1->0 r=-1->0:-1},{null m=TO_BACK f=FILLS_TASK leash=Surface(name=ActivityRecord{40cbee8 u0 com.android.settings/.SubSettings t85})/@0xb8250ab sb=Rect(0, 0 - 1080, 2400) eb=Rect(0, 0 - 1080, 2400) d=0}]}
03-11 15:43:17.396  2493  2643 V WindowManagerShell:  Checking filter Pair{{types=[] flags=0x0] notFlags=0x100 checks=[{atype=home independent=true modes=[OPEN,TO_FRONT] flags=NONE mustBeTask=false order=TOP topActivity=ComponentInfo{com.android.launcher/com.android.launcher.Launcher}},{atype=standard independent=true modes=[CLOSE,TO_BACK] flags=NONE mustBeTask=false order=ANY topActivity=null}]} RemoteTransition { remoteTransition = android.window.IRemoteTransition$Stub$Proxy@4876b50, appThread = android.app.IApplicationThread$Stub$Proxy@3b4149, debugName = QuickstepLaunchHome }}
03-11 15:43:17.396  2493  2643 V WindowManagerShell:  Delegate animation for #424 to null
03-11 15:43:17.396  2493  2643 V WindowManagerShell:  try handler com.android.wm.shell.transition.DefaultTransitionHandler@53d01f0
03-11 15:43:17.396  2493  2643 V WindowManagerShell: start default transition animation, info = {id=424 t=OPEN f=0x0 trk=0 r=[0@Point(0, 0)] c=[{null m=OPEN f=FILLS_TASK leash=Surface(name=ActivityRecord{8445a31 u0 com.android.settings/.password.ConfirmLockPattern t85})/@0xc8172fa sb=Rect(0, 0 - 0, 0) eb=Rect(0, 0 - 1080, 2400) d=-1->0 r=-1->0:-1},{null m=TO_BACK f=FILLS_TASK leash=Surface(name=ActivityRecord{40cbee8 u0 com.android.settings/.SubSettings t85})/@0xb8250ab sb=Rect(0, 0 - 1080, 2400) eb=Rect(0, 0 - 1080, 2400) d=0}]}
03-11 15:43:17.396  1801  1850 D OplusSplitScreenManagerService: com.android.settings unSupportsSplitScreen by blockList or ForbidActivityList
03-11 15:43:17.398  1801  3179 V WindowManager: Relayout Window{9339aa u0 Toast}: viewVisibility=0, oldvis=0, req=1080x328, vsysui=
03-11 15:43:17.401  2493  2643 V WindowManagerShell:  animated by com.android.wm.shell.transition.DefaultTransitionHandler@53d01f0
03-11 15:43:17.401  1801  1850 D ActivityTaskManager: Clearing startingData for token=null
03-11 15:43:17.402  1801  5469 D OplusTransitionAnimationManager: skipFinishDrawingIfNeed clientRotation=0, currentRotation=0, hasFixedRotationApp=false, requestedOrientation=5, win=Window{d88ae4e u0 com.android.settings/com.android.settings.password.ConfirmLockPattern}, activity=ActivityRecord{8445a31 u0 com.android.settings/.password.ConfirmLockPattern t85}, currentConfig={1.0 ??mcc??mnc [en_US] ldltr sw360dp w360dp h762dp 480dpi nrml long hdr port night finger -keyb/h/h -nav/h winConfig={ mBounds=Rect(0, 0 - 1080, 2400) mAppBounds=Rect(0, 107 - 1080, 2400) mMaxBounds=Rect(0, 0 - 1080, 2400) mDisplayRotation=ROTATION_0 mWindowingMode=fullscreen mDisplayWindowingMode=fullscreen mActivityType=standard mAlwaysOnTop=undefined mRotation=ROTATION_0} s.1 fontWeightAdjustment=0mThemeChanged= 0, mThemeChangedFlags= 0, mFlipFont= 0, mScenario= -1, mAccessibleChanged= -1, mUxIconConfig= 3468921665061138753, mMaterialColor= 40015, mUserId= 0, mFontUserId= 0, mFontVariationSettings= 226, mFoldingAngle = -1.0, mIconPackName= , mDarkModeBackgroundMaxL= 0.0, mDarkModeDialogBgMaxL= 27.0, mDarkModeForegroundMinL= 100.0, mOplusConfigType= 1, mOplusChangedConfigs= 0, OpSans= -1, mBurmeseFontFlag= 2, mFlag= 0, mFlexibleActivitySuitable= -1, mPuttDisplayFlag= -1}
03-11 15:43:17.402  1801  1827 D OplusSplitScreenManagerService: com.android.settings unSupportsSplitScreen by blockList or ForbidActivityList
03-11 15:43:17.412  1801  4541 D InputMethodManagerService: isSecurity: attribute.packageName = com.android.settings mCurMethodId = com.google.android.inputmethod.latin/com.android.inputmethod.latin.LatinIME isSecurity = false ( enable = false needShow = false inBlackList = false isExist = true )
03-11 15:43:17.418  1801  1827 W PackageConfigPersister: App-specific configuration not found for packageName: com.android.settings and userId: 0
03-11 15:43:17.508  1801  2158 D PowerManagerService: userActivityNoUpdateLocked: groupId=0, eventTime=5271438, event=touch, flags=0x0, uid=1000
03-11 15:43:17.728  1801  2158 D PowerManagerService: userActivityNoUpdateLocked: groupId=0, eventTime=5271659, event=touch, flags=0x0, uid=1000
03-11 15:43:17.762  2493  2643 V WindowManagerShell: Transition animation finished (aborted=false), notifying core (#424)android.os.BinderProxy@9ac40eb@0
03-11 15:43:17.764  1801  1846 V WindowManager: Finish Transition #424: created at 03-11 15:43:17.239 collect-started=0.06ms request-sent=9.517ms started=12.509ms ready=23.186ms sent=153.181ms finished=523.55ms
03-11 15:43:17.764  1801  1827 I OplusAppSwitchManagerService:  handleAppVisible , r = ActivityRecord{8445a31 u0 com.android.settings/.password.ConfirmLockPattern t85}
03-11 15:43:17.765  1801  1827 D OplusTransitionController: finishTransition, transition: TransitionRecord{322dca2 id=424 type=OPEN flags=0x0}
03-11 15:43:17.765  1801  1827 D OplusTransitionAnimationManager: commitVisibilityWhenFinishTransition type=1, ar.isVisibleRequested=false, ar.isVisible=false, ar.isVisibleRequested=false, ar=ActivityRecord{40cbee8 u0 com.android.settings/.SubSettings t85} ar type 1 ar state :PAUSED displayid :0, participants={ActivityRecord{40cbee8 u0 com.android.settings/.SubSettings t85}, ActivityRecord{8445a31 u0 com.android.settings/.password.ConfirmLockPattern t85}}
03-11 15:43:17.765  1801  1827 D OplusTransitionAnimationManager: commitVisibilityWhenFinishTransition type=1, ar.isVisibleRequested=true, ar.isVisible=true, ar.isVisibleRequested=true, ar=ActivityRecord{8445a31 u0 com.android.settings/.password.ConfirmLockPattern t85} ar type 1 ar state :RESUMED displayid :0, participants={ActivityRecord{40cbee8 u0 com.android.settings/.SubSettings t85}, ActivityRecord{8445a31 u0 com.android.settings/.password.ConfirmLockPattern t85}}
03-11 15:43:17.765  1801  1827 D OplusTransitionAnimationManager: updateTaskVisibleWhenFinishTransition task=Task{1d8f96b #85 type=standard A=1000:com.android.settings.root} top = ActivityRecord{8445a31 u0 com.android.settings/.password.ConfirmLockPattern t85}
03-11 15:43:17.765  1801  1827 D TransitionController: NFW_send RECOMPUTE_FOCUS in finishTransition
03-11 15:43:17.765  2493  2643 D ShellTaskOrganizer: onTransitionFinish, isRecent:false
03-11 15:43:17.766  2493  2643 V WindowManagerShell: Track 0 became idle
03-11 15:43:17.766  2493  2643 V WindowManagerShell: All active transition animations finished
03-11 15:43:17.777  1801  1850 D OplusSplitScreenManagerService: com.android.settings unSupportsSplitScreen by blockList or ForbidActivityList
03-11 15:43:17.778  1801  1827 D WindowManagerServiceExtImpl: extractConfigInfoAndRealFlags rotation=0, screenDp=360, win=Window{c20cf2c u0 com.android.settings/com.android.settings.SubSettings}
03-11 15:43:17.779  1801  1827 V WindowManager: Relayout Window{c20cf2c u0 com.android.settings/com.android.settings.SubSettings}: viewVisibility=8, oldvis=0, req=1080x2400, vsysui=LAYOUT_STABLE LAYOUT_HIDE_NAVIGATION LAYOUT_FULLSCREEN IMMERSIVE_STICKY
03-11 15:43:17.784 14355 14355 D VRI[SubSettings]: relayoutWindow result, sizeChanged:false, surfaceControlChanged:true, transformHintChanged:false, mSurfaceSize:Point(1080, 2400), mLastSurfaceSize:Point(1080, 2400), mWidth:1080, mHeight:2400, requestedWidth:1080, requestedHeight:2400, transformHint:0, lastTransformHint:0, installOrientation:0, displayRotation:0, isSurfaceValid:false, attr.flag:-2122252032, useBlast:true, tmpFrames:ClientWindowFrames{frame=[0,0][1080,2400] display=[0,0][1080,2400] parentFrame=[0,0][0,0]}
03-11 15:43:17.796  1801  4541 D WindowManagerServiceExtImpl: extractConfigInfoAndRealFlags rotation=0, screenDp=360, win=Window{c20cf2c u0 com.android.settings/com.android.settings.SubSettings}
03-11 15:43:17.796  1801  4541 V WindowManager: Relayout Window{c20cf2c u0 com.android.settings/com.android.settings.SubSettings}: viewVisibility=8, oldvis=8, req=1080x2400, vsysui=LAYOUT_STABLE LAYOUT_HIDE_NAVIGATION LAYOUT_FULLSCREEN IMMERSIVE_STICKY
03-11 15:43:17.802 14355 14355 D VRI[SubSettings]: relayoutWindow result, sizeChanged:false, surfaceControlChanged:true, transformHintChanged:false, mSurfaceSize:Point(1080, 2400), mLastSurfaceSize:Point(1080, 2400), mWidth:1080, mHeight:2400, requestedWidth:1080, requestedHeight:2400, transformHint:0, lastTransformHint:0, installOrientation:0, displayRotation:0, isSurfaceValid:false, attr.flag:-2122252032, useBlast:true, tmpFrames:ClientWindowFrames{frame=[0,0][1080,2400] display=[0,0][1080,2400] parentFrame=[0,0][0,0]}
03-11 15:43:17.803  1801  5469 I WindowManager: Window{c20cf2c u0 com.android.settings/com.android.settings.SubSettings} state from HAS_DRAWN to NO_SURFACE; reason: destroySurface
03-11 15:43:17.804  1801  5469 D ActivityTaskManager: Clearing startingData for token=null
03-11 15:43:18.167  1801  1827 D OplusSplitScreenManagerService: com.android.settings unSupportsSplitScreen by blockList or ForbidActivityList
03-11 15:43:18.284  1801  2019 I AppsFilter: interaction: PackageSetting{3cdf783 com.android.microdroid.empty_payload/10319} -> PackageSetting{781ff1 com.coloros.smartsidebar/10293} BLOCKED
03-11 15:43:18.284  1801  2019 I AppsFilter: interaction: PackageSetting{1216939 com.oplus.locationproxy/10129} -> PackageSetting{781ff1 com.coloros.smartsidebar/10293} BLOCKED
03-11 15:43:18.285  1801  2019 I AppsFilter: interaction: PackageSetting{45f5b7e com.oplus.securitykeyboard/10138} -> PackageSetting{781ff1 com.coloros.smartsidebar/10293} BLOCKED
03-11 15:43:18.355  1801  2114 D CompatibilityChangeReporter: Compat change id reported: 218533173; UID 10293; state: ENABLED
03-11 15:43:18.355  1801  2114 D CompatibilityChangeReporter: Compat change id reported: 262645982; UID 10293; state: ENABLED
03-11 15:43:18.694  1801  2158 D PowerManagerService: userActivityNoUpdateLocked: groupId=0, eventTime=5272624, event=touch, flags=0x0, uid=1000
03-11 15:43:18.799  1801  2158 D PowerManagerService: userActivityNoUpdateLocked: groupId=0, eventTime=5272730, event=touch, flags=0x0, uid=1000
03-11 15:43:18.906  1801  2158 D PowerManagerService: userActivityNoUpdateLocked: groupId=0, eventTime=5272837, event=touch, flags=0x0, uid=1000
03-11 15:43:18.935  2656  2912 V MonthTrafficAlert: getWarningNotification subId:1 numWarningNotificaion:0
03-11 15:43:18.936  2656  2912 V TrafficAlert: getLimitNotification subId:1 ,numLimitNotificaion:0
03-11 15:43:18.948  1801  2390 I OplusStatusBarManagerServiceEnhance:  getTopIsFullscreen mTopIsFullscreen: false
03-11 15:43:18.949  1801  1801 D NotificationService--OplusNotificationManagerServiceExtImpl: isForwardToAssistants: false, case : Is in mMcsNotInterceptPkgList or is isSystemApp
03-11 15:43:18.949  1801  1801 D NotificationService: This application enqueue notifications is not need postDelayed
03-11 15:43:19.013  1801  2158 D PowerManagerService: userActivityNoUpdateLocked: groupId=0, eventTime=5272943, event=touch, flags=0x0, uid=1000
03-11 15:43:19.136  1801  2158 D PowerManagerService: userActivityNoUpdateLocked: groupId=0, eventTime=5273066, event=touch, flags=0x0, uid=1000
03-11 15:43:19.241  1801  2158 D PowerManagerService: userActivityNoUpdateLocked: groupId=0, eventTime=5273173, event=touch, flags=0x0, uid=1000
03-11 15:43:19.347  1801  2158 D PowerManagerService: userActivityNoUpdateLocked: groupId=0, eventTime=5273279, event=touch, flags=0x0, uid=1000
03-11 15:43:19.454  1801  2158 D PowerManagerService: userActivityNoUpdateLocked: groupId=0, eventTime=5273385, event=touch, flags=0x0, uid=1000
03-11 15:43:19.560  1801  2158 D PowerManagerService: userActivityNoUpdateLocked: groupId=0, eventTime=5273491, event=touch, flags=0x0, uid=1000
03-11 15:43:19.627  1801  5469 D CoreBackPreview: Window{9339aa u0 Toast}: Setting back callback null
03-11 15:43:19.630  1801  5469 I WindowManager: Window{9339aa u0 Toast} state from HAS_DRAWN to NO_SURFACE; reason: destroySurface
03-11 15:43:19.636  1801  5469 D OplusAONSmartDim: onWakeLockReleaseLocked: lock=29944667, flags=0x2000000a, packageName=android, tag="WindowManager/displayId:0", ws=WorkSource{10157 com.android.systemui}, uid=1000, pid=1801
03-11 15:43:19.636  1801  5469 D PowerManagerService: userActivityNoUpdateLocked: groupId=0, eventTime=5273569, event=other, flags=0x1, uid=1000
03-11 15:43:19.640  1801  5469 W NotificationService: Toast already killed. pkg=com.android.settings token=android.os.BinderProxy@25b2173
03-11 15:43:19.666  1801  2158 D PowerManagerService: userActivityNoUpdateLocked: groupId=0, eventTime=5273597, event=touch, flags=0x0, uid=1000
03-11 15:43:19.692 14355 14355 D checkPattern: executeOnExecutor.ThreadFactory
03-11 15:43:19.694 14355 19007 D checkPattern: checkPattern.doInBackground
03-11 15:43:19.696  1801  1827 D LockSettingsService: [checkCredential] userId = 0
03-11 15:43:19.696  1801  1827 I LockSettingsService: Verifying lockscreen credential for user 0
03-11 15:43:19.696  1801  1827 D SyntheticPasswordManager: [unwrapPasswordBasedSyntheticPassword] progressCallback = com.android.internal.widget.ICheckCredentialProgressCallback$Stub$Proxy@6f07830
03-11 15:43:19.696  1801  1827 D LockSettingsStorage: [readSyntheticPasswordState] userId = 0, name = pwd
03-11 15:43:19.740  1801  1827 D LockSettingsStorage: [readSyntheticPasswordState] userId = 0, name = weaver
03-11 15:43:19.835  1801  1827 D LockSettingsStorage: [readSyntheticPasswordState] userId = 0, name = secdis
03-11 15:43:19.837  1801  1827 D SyntheticPasswordManager: [unwrapPasswordBasedSyntheticPassword] onCredentialVerified 
03-11 15:43:19.837  1801  1827 D LockSettingsStorage: [readSyntheticPasswordState] userId = 0, name = spblob
03-11 15:43:19.888  1801  1827 D LockSettingsStorage: [readSyntheticPasswordState] userId = 0, name = handle
03-11 15:43:19.950  1801  1827 D LockSettingsStorage: [readSyntheticPasswordState] userId = 0, name = metrics
03-11 15:43:19.951  1801  1827 D SyntheticPasswordManager: [unwrapPasswordBasedSyntheticPassword]  userId = 0, protectorId = 6295191555947174649
03-11 15:43:19.951  1801  1827 I LockSettingsService: doVerifyCredential response.getResponseCode()= 0 timeout:0
03-11 15:43:19.952  1801  1827 D LockSettingsStorage: [readSyntheticPasswordState] userId = 0, name = handle
03-11 15:43:19.955  1801  2187 E OplusCustomizeRestrictionManagerService: isBiometricDisabled start
03-11 15:43:19.957  1801  2187 D BiometricDeferredQueue: Fingerprint addPendingLockoutResetForUser: 0
03-11 15:43:19.957  1801  2187 D BiometricDeferredQueue: Fingerprint addPendingLockoutResetForUser: 0
03-11 15:43:19.958  1801  2187 E OplusCustomizeRestrictionManagerService: isBiometricDisabled start
03-11 15:43:19.958  1801  2187 D BiometricDeferredQueue: Face addPendingLockoutResetForUser: 0
03-11 15:43:20.000  1801  1827 I LockSettingsService: Successfully verified lockscreen credential for user 0
03-11 15:43:20.004   713   729 I keystore2: system/security/keystore2/src/authorization.rs:143 - on_lock_screen_event(r#UNLOCK, user_id=0, password.is_some()=true, unlocking_sids=None)
03-11 15:43:20.004   713   729 I keystore2: system/security/keystore2/src/super_key.rs:1141 - Trying to unlock when already unlocked.
03-11 15:43:20.010  1801  1827 D LockSettingsService: CE storage for user 0 is already unlocked
03-11 15:43:20.015  1801  1827 D LockSettingsService: unlockUser finished
03-11 15:43:20.016  1801  1827 D SystemServerTiming: finishUserUnlocking-0
03-11 15:43:20.018  1801  1827 D LockSettingsService: unlockUser finished
03-11 15:43:20.018  1801  1827 D LockSettingsStorage: [readSyntheticPasswordState] userId = 0, name = e0
03-11 15:43:20.018  1801  2187 D BiometricDeferredQueue: Processing pending resetLockout for fingerprint
03-11 15:43:20.018  1801  1827 D LockSettingsStorage: [readSyntheticPasswordState] userId = 0, name = p1
03-11 15:43:20.018  1801  2187 D BiometricDeferredQueue: Processing pending resetLockouts(Generic)
03-11 15:43:20.018  1801  2187 D BiometricDeferredQueue: Resetting biometric lockout for user: 0
03-11 15:43:20.019  1801  2187 D LockSettingsStorage: [readSyntheticPasswordState] userId = 0, name = handle
03-11 15:43:20.020  1801  2336 D BiometricScheduler/Fingerprint21: [Added] {[183] com.android.server.biometrics.sensors.fingerprint.hidl.FingerprintResetLockoutClient, proto=12, owner=android, cookie=0, requestId=-1, userId=0}, new queue size: 1, interruptable: true
03-11 15:43:20.020  1801  1801 D CompatibilityChangeReporter: Compat change id reported: 171306433; UID 1000; state: ENABLED
03-11 15:43:20.020  1801  2336 D BiometricScheduler/Fingerprint21: [Polled] {[183] com.android.server.biometrics.sensors.fingerprint.hidl.FingerprintResetLockoutClient, proto=12, owner=android, cookie=0, requestId=-1, userId=0}, State: 0
03-11 15:43:20.020  1801  2336 D BiometricScheduler/Fingerprint21: [Started] {[183] com.android.server.biometrics.sensors.fingerprint.hidl.FingerprintResetLockoutClient, proto=12, owner=android, cookie=0, requestId=-1, userId=0}
03-11 15:43:20.021  1801  1827 D OplusTransitionController: requestStartTransition, requestInfo type: CLOSE, remoteTransition: null, displayChange: null, transition: TransitionRecord{6bc61cf id=425 type=CLOSE flags=0x0}, caller: com.android.server.wm.TransitionControllerExtImpl.requestStartTransition:41 com.android.server.wm.TransitionController.requestStartTransition:738 com.android.server.wm.TransitionController.requestCloseTransitionIfNeeded:781 com.android.server.wm.ActivityRecord.finishIfPossible:4104 com.android.server.wm.ActivityClientController.finishActivity:602 
03-11 15:43:20.021  1801  1827 D ActivityRecordExtImpl: skipPrepareAppTransitionForZoom false
03-11 15:43:20.021  2493  2643 V WindowManagerShell: Transition requested: android.os.BinderProxy@bc0aa0a TransitionRequestInfo { type = CLOSE, triggerTask = null, remoteTransition = null, displayChange = null }
03-11 15:43:20.021  1801  2336 D BiometricSchedulerOperation: [Finished / destroy]: {[183] com.android.server.biometrics.sensors.fingerprint.hidl.FingerprintResetLockoutClient, proto=12, owner=android, cookie=0, requestId=-1, userId=0}
03-11 15:43:20.021  1801  2336 V BiometricSchedulerOperation: started: {[183] com.android.server.biometrics.sensors.fingerprint.hidl.FingerprintResetLockoutClient, proto=12, owner=android, cookie=0, requestId=-1, userId=0}, State: 5
03-11 15:43:20.021  1801  1827 D ActivityTaskManager: setVisibility(Token{6d3686d ActivityRecord{8445a31 u0 com.android.settings/.password.ConfirmLockPattern t85 f}}}, visible=false) defer commitVisibility for transition collecting
03-11 15:43:20.022  1801  2336 D BiometricScheduler/Fingerprint21: [Finishing] {[183] com.android.server.biometrics.sensors.fingerprint.hidl.FingerprintResetLockoutClient, proto=12, owner=android, cookie=0, requestId=-1, userId=0}, success: true
03-11 15:43:20.022  1801  2336 D BiometricScheduler/Fingerprint21: No operations, returning to idle
03-11 15:43:20.031  1801  2187 D BiometricService: resetLockout(userId=0, hat=present)
03-11 15:43:20.031  1801  2187 D BiometricDeferredQueue: Processing pending resetLockout for face
03-11 15:43:20.031  1801  5469 I OplusAccessController: enter isIgnoreAppSwitchActivity
03-11 15:43:20.031  1801  5469 I OplusAccessController: enter isIgnoreAppSwitchActivity and intent != null
03-11 15:43:20.031  1801  5469 I OplusAccessController: enter isIgnoreAppSwitchActivity and componentName != null
03-11 15:43:20.031  1801  5469 I OplusAccessController: enter isIgnoreAppSwitchActivity and packageName&activity is not Empty
03-11 15:43:20.032  1801  5469 D ActivityTaskManager: setVisibility(Token{6bdf3a6 ActivityRecord{40cbee8 u0 com.android.settings/.SubSettings t85}}, visible=true) defer commitVisibility for transition collecting
03-11 15:43:20.032  1801  2187 W BiometricDeferredQueue: mFaceGenerateChallengeCallback not null, previous operation may be stuck
03-11 15:43:20.033  1801  2187 D BiometricDeferredQueue: Resetting face lockout for sensor: 4, user: 0
03-11 15:43:20.033  1801  5469 D ActivityTaskManager: NFW_setLastResumedActivityUncheckLocked:true r:ActivityRecord{40cbee8 u0 com.android.settings/.SubSettings t85} currentFocus:Window{d88ae4e u0 com.android.settings/com.android.settings.password.ConfirmLockPattern}
03-11 15:43:20.033  1801  5469 V WindowManager: Changing focus from Window{d88ae4e u0 com.android.settings/com.android.settings.password.ConfirmLockPattern} to null,diplayid=0
03-11 15:43:20.033  1801  2187 D LockSettingsStorage: [readSyntheticPasswordState] userId = 0, name = handle
03-11 15:43:20.034  1801  2911 D OplusAppSwitchRuleInfo: generateActivityEnterInfo - launch_source_type =  , launch_source_traceid = 
03-11 15:43:20.035  1801  5469 D WindowManager: updateOrientation: mLastOrientation = SCREEN_ORIENTATION_NOSENSOR(5) newOrientation = SCREEN_ORIENTATION_NOSENSOR(5) forceUpdate = true LastOrientationSource = ActivityRecord{40cbee8 u0 com.android.settings/.SubSettings t85}
03-11 15:43:20.035  1801  5469 D WindowManager: rotation(ROTATION_0) no changed.
03-11 15:43:20.035  1801  5469 D OplusSplitScreenManagerService: com.android.settings unSupportsSplitScreen by blockList or ForbidActivityList
03-11 15:43:20.035  1801  5469 D OplusSplitScreenManagerService: com.android.settings unSupportsSplitScreen by blockList or ForbidActivityList
03-11 15:43:20.035  1801  5469 I TaskOrganizerController: onTaskInfoChanged taskid 85 config { mBounds=Rect(0, 0 - 1080, 2400) mAppBounds=Rect(0, 107 - 1080, 2400) mMaxBounds=Rect(0, 0 - 1080, 2400) mDisplayRotation=ROTATION_0 mWindowingMode=fullscreen mDisplayWindowingMode=fullscreen mActivityType=standard mAlwaysOnTop=undefined mRotation=ROTATION_0}
03-11 15:43:20.035  1801  5469 D FlexibleWindowManager: onFlexibleWindowTaskInfoChanged: mTaskId = 85 oldIsTaskEmbedded = false   curIsTaskEmbedded = false  topActivity = ComponentInfo{com.android.settings/com.android.settings.SubSettings}
03-11 15:43:20.035  1801  1849 D OplusInterceptLockScreenWindow: starting IOplusLockScreenCallbacks service...
03-11 15:43:20.035  1801  5469 D OplusFlexibleWindowMinimizedManagerHelper: onTaskInfoChanged taskInfo:TaskInfo{userId=0 taskId=85 displayId=0 isRunning=true baseIntent=Intent { act=android.settings.SETTINGS flg=0x14000000 cmp=com.android.settings/com.oplus.settings.feature.homepage.OplusSettingsHomepageActivity mCallingUid=10157 } baseActivity=ComponentInfo{com.android.settings/com.oplus.settings.feature.homepage.OplusSettingsHomepageActivity} topActivity=ComponentInfo{com.android.settings/com.android.settings.SubSettings} origActivity=null realActivity=ComponentInfo{com.android.settings/com.oplus.settings.feature.homepage.OplusSettingsHomepageActivity} numActivities=3 lastActiveTime=9561783 supportsSplitScreenMultiWindow=false supportsMultiWindow=true supportsPocketStudioMultiWindow=true isInFlexibleEmbedded = false uid = 1000 pid = 14355 resizeMode=1 isResizeable=true minWidth=-1 minHeight=-1 defaultMinSize=220 token=WCT{RemoteToken{231d26a Task{1d8f96b #85 type=standard A=1000:com.android.settings.root}}} topActivityType=1 pictureInPictureParams=null shouldDockBigOverlays=false launchIntoPipHostTaskId=-1 lastParentTaskIdBeforePip=-1 displayCutoutSafeInsets=Rect(0, 107 - 0, 0) topActivityInfo=ActivityInfo{e65f00b com.android.settings.SubSettings} launchCookies=[] positionInParent=Point(0, 0) parentTaskId=-1 isFocused=true isVisible=true isVisibleRequested=true isSleeping=false topActivityInSizeCompat=false topActivityInOplusCompatMode=false topActivityEligibleForLetterboxEducation= false topActivityLetterboxed= false isFromDoubleTap= false topActivityLetterboxVerticalPosition= -1 topActivityLetterboxHorizontalPosition= -1 topActivityLetterboxWidth=-1 topActivityLetterboxHeight=-1 locusId=null displayAreaFeatureId=1 cameraCompatControlState=hidden locusId= null topActivityLetterboxInsets=Rect(0, 0 - 0, 0)} task:Task{1d8f96b #85 type=standard A=1000:com.android.settings.root}
03-11 15:43:20.036  1801  5469 D TaskFragmentExtImpl: addColorModeOnResume resume=true pkg = com.android.settings
03-11 15:43:20.036  1801  4282 W PackageManager: package com.coloros.smartsidebar uid 10293 pid 5888 call SetEnabledSetting(com.coloros.smartsidebar component = com.oplus.smartsidebar.panelview.transferdock.view.TransferDockReceiveActivity, 1, 0)
03-11 15:43:20.036  1801  5469 D ActivityTaskManager: setVisibility(Token{6bdf3a6 ActivityRecord{40cbee8 u0 com.android.settings/.SubSettings t85}}, visible=true) defer commitVisibility for transition collecting
03-11 15:43:20.036  2493  2643 D ShellTaskOrganizer: dispatchTaskEventToClientIfNeed, eventType:2, taskInfo:TaskInfo{userId=0 taskId=85 displayId=0 isRunning=true baseIntent=Intent { act=android.settings.SETTINGS flg=0x14000000 cmp=com.android.settings/com.oplus.settings.feature.homepage.OplusSettingsHomepageActivity mCallingUid=10157 } baseActivity=ComponentInfo{com.android.settings/com.oplus.settings.feature.homepage.OplusSettingsHomepageActivity} topActivity=ComponentInfo{com.android.settings/com.android.settings.SubSettings} origActivity=null realActivity=ComponentInfo{com.android.settings/com.oplus.settings.feature.homepage.OplusSettingsHomepageActivity} numActivities=3 lastActiveTime=9561783 supportsSplitScreenMultiWindow=false supportsMultiWindow=true supportsPocketStudioMultiWindow=true isInFlexibleEmbedded = false uid = 1000 pid = 14355 resizeMode=1 isResizeable=true minWidth=-1 minHeight=-1 defaultMinSize=220 token=WCT{android.window.IWindowContainerToken$Stub$Proxy@293a27b} topActivityType=1 pictureInPictureParams=null shouldDockBigOverlays=false launchIntoPipHostTaskId=-1 lastParentTaskIdBeforePip=-1 displayCutoutSafeInsets=Rect(0, 107 - 0, 0) topActivityInfo=ActivityInfo{a7fd898 com.android.settings.SubSettings} launchCookies=[] positionInParent=Point(0, 0) parentTaskId=-1 isFocused=true isVisible=true isVisibleRequested=true isSleeping=false topActivityInSizeCompat=false topActivityInOplusCompatMode=false topActivityEligibleForLetterboxEducation= false topActivityLetterboxed= false isFromDoubleTap= false topActivityLetterboxVerticalPosition= -1 topActivityLetterboxHorizontalPosition= -1 topActivityLetterboxWidth=-1 topActivityLetterboxHeight=-1 locusId=null displayAreaFeatureId=1 cameraCompatControlState=hidden locusId= null topActivityLetterboxInsets=Rect(0, 0 - 0, 0)}, leash:null
03-11 15:43:20.041  1801  1863 W PackageManager: package android uid 1000 pid 1801 call SetEnabledSetting(com.android.shell component = com.android.shell.BugreportStorageProvider, 1, 0)
03-11 15:43:20.045 14355 14355 D ActivityThread: ComponentInfo{com.android.settings/com.android.settings.SubSettings} checkFinished=false 2
03-11 15:43:20.048  1801  1827 W PackageManager: package com.android.settings uid 1000 pid 14355 call SetEnabledSetting(com.android.settings component = com.android.settings.Settings$DevelopmentSettingsDashboardActivity, 1, 0)
03-11 15:43:20.055  1801  5510 D WindowManagerServiceExtImpl: extractConfigInfoAndRealFlags rotation=0, screenDp=360, win=Window{c20cf2c u0 com.android.settings/com.android.settings.SubSettings}
03-11 15:43:20.056  1801  5510 V WindowManager: Relayout Window{c20cf2c u0 com.android.settings/com.android.settings.SubSettings}: viewVisibility=0, oldvis=8, req=1080x2400, vsysui=LAYOUT_STABLE LAYOUT_HIDE_NAVIGATION LAYOUT_FULLSCREEN IMMERSIVE_STICKY
03-11 15:43:20.056  1801  5510 I WindowManager: Window{c20cf2c u0 com.android.settings/com.android.settings.SubSettings} state from NO_SURFACE to DRAW_PENDING; reason: resetDrawState
03-11 15:43:20.057  1801  2187 D FaceManager: FaceManager#resetLockout called by android userId: 0 sensorId: 4
03-11 15:43:20.057  1801  2336 D UaBiometricScheduler/FaceProvider/default/4: [Added] {[184] com.android.server.biometrics.sensors.face.aidl.FaceResetLockoutClient, proto=12, owner=android, cookie=0, requestId=-1, userId=0}, new queue size: 1, interruptable: true
03-11 15:43:20.057  1801  2336 D UaBiometricScheduler/FaceProvider/default/4: [Polled] {[184] com.android.server.biometrics.sensors.face.aidl.FaceResetLockoutClient, proto=12, owner=android, cookie=0, requestId=-1, userId=0}, State: 0
03-11 15:43:20.057  1801  2336 D UaBiometricScheduler/FaceProvider/default/4: [Started] {[184] com.android.server.biometrics.sensors.face.aidl.FaceResetLockoutClient, proto=12, owner=android, cookie=0, requestId=-1, userId=0}
03-11 15:43:20.059  1801  5510 V WindowManager: Changing focus from null to Window{c20cf2c u0 com.android.settings/com.android.settings.SubSettings},diplayid=0
03-11 15:43:20.063  1801  1827 V WindowManager: Relayout Window{4a1b231 u0 OplusOSEdgeFloatBar}: viewVisibility=0, oldvis=8, req=56x360, vsysui=LAYOUT_STABLE LAYOUT_HIDE_NAVIGATION LAYOUT_FULLSCREEN
03-11 15:43:20.063  1801  1827 I WindowManager: Window{4a1b231 u0 OplusOSEdgeFloatBar} state from NO_SURFACE to DRAW_PENDING; reason: resetDrawState
03-11 15:43:20.064 14355 14355 D VRI[SubSettings]: relayoutWindow result, sizeChanged:false, surfaceControlChanged:true, transformHintChanged:false, mSurfaceSize:Point(1080, 2400), mLastSurfaceSize:Point(1080, 2400), mWidth:1080, mHeight:2400, requestedWidth:1080, requestedHeight:2400, transformHint:0, lastTransformHint:0, installOrientation:0, displayRotation:0, isSurfaceValid:true, attr.flag:-2122252032, useBlast:true, tmpFrames:ClientWindowFrames{frame=[0,0][1080,2400] display=[0,0][1080,2400] parentFrame=[0,0][0,0]}
03-11 15:43:20.064 14355 14355 W VRI[SubSettings]: updateBlastSurfaceIfNeeded, surfaceSize:Point(1080, 2400), lastSurfaceSize:Point(1080, 2400), format:-1, blastBufferQueue:null
03-11 15:43:20.070  1801  2336 V BiometricSchedulerOperation: started: {[184] com.android.server.biometrics.sensors.face.aidl.FaceResetLockoutClient, proto=12, owner=android, cookie=0, requestId=-1, userId=0}, State: 2
03-11 15:43:20.076  1801  4541 I WindowManager: addWindow: New client android.os.BinderProxy@932dfa8 : window=Window{ebe9ac1 u0 Toast}
03-11 15:43:20.079 14355 14355 I Quality : Skipped: false 1 cost 17.609053 refreshRate 16807201 bit true processName com.android.settings
03-11 15:43:20.082  1801  2740 D OplusTransitionController: onSyncFinishedDrawing, Window{c20cf2c u0 com.android.settings/com.android.settings.SubSettings}
03-11 15:43:20.082  1801  2740 I WindowManager: finishDrawing skipLayout:false Window{c20cf2c u0 com.android.settings/com.android.settings.SubSettings} com.android.server.wm.WindowManagerService.finishDrawingWindow:2972 com.android.server.wm.Session.finishDrawing:311 android.view.IWindowSession$Stub.onTransact:779 
03-11 15:43:20.082  1801  2740 I WindowManager: Window{c20cf2c u0 com.android.settings/com.android.settings.SubSettings} state from DRAW_PENDING to COMMIT_DRAW_PENDING; reason: finishDrawingLocked
03-11 15:43:20.082  1801  2740 D OplusTransitionAnimationManager: skipFinishDrawingIfNeed clientRotation=0, currentRotation=0, hasFixedRotationApp=false, requestedOrientation=5, win=Window{c20cf2c u0 com.android.settings/com.android.settings.SubSettings}, activity=ActivityRecord{40cbee8 u0 com.android.settings/.SubSettings t85}, currentConfig={1.0 ??mcc??mnc [en_US] ldltr sw360dp w360dp h762dp 480dpi nrml long hdr port night finger -keyb/h/h -nav/h winConfig={ mBounds=Rect(0, 0 - 1080, 2400) mAppBounds=Rect(0, 107 - 1080, 2400) mMaxBounds=Rect(0, 0 - 1080, 2400) mDisplayRotation=ROTATION_0 mWindowingMode=fullscreen mDisplayWindowingMode=fullscreen mActivityType=standard mAlwaysOnTop=undefined mRotation=ROTATION_0} s.1 fontWeightAdjustment=0mThemeChanged= 0, mThemeChangedFlags= 0, mFlipFont= 0, mScenario= -1, mAccessibleChanged= -1, mUxIconConfig= 3468921665061138753, mMaterialColor= 40015, mUserId= 0, mFontUserId= 0, mFontVariationSettings= 226, mFoldingAngle = -1.0, mIconPackName= , mDarkModeBackgroundMaxL= 0.0, mDarkModeDialogBgMaxL= 27.0, mDarkModeForegroundMinL= 100.0, mOplusConfigType= 1, mOplusChangedConfigs= 0, OpSans= -1, mBurmeseFontFlag= 2, mFlag= 0, mFlexibleActivitySuitable= -1, mPuttDisplayFlag= -1}
03-11 15:43:20.084  1801  1850 I WindowManager: Window{c20cf2c u0 com.android.settings/com.android.settings.SubSettings} state from COMMIT_DRAW_PENDING to READY_TO_SHOW; reason: commitFinishDrawingLocked
03-11 15:43:20.084  1801  1850 D ActivityTaskManager: Clearing startingData for token=null
03-11 15:43:20.084  1801  2336 D FaceProvider/default/4: onLockoutCleared after resetLockout
03-11 15:43:20.084  1801  2336 D LockoutCache: Lockout for user: 0 is 0
03-11 15:43:20.085  1801  1850 D ActivityTaskManager: Clearing startingData for token=null
03-11 15:43:20.085  1801  1850 I WindowManager: Window{c20cf2c u0 com.android.settings/com.android.settings.SubSettings} state from READY_TO_SHOW to HAS_DRAWN; reason: performShowLocked
03-11 15:43:20.085  1801  1850 D OplusFlexibleActivityTransitionManager: fixTransitType type result:2, targets: [ActivityRecord{8445a31 u0 com.android.settings/.password.ConfirmLockPattern t85 f}}, ActivityRecord{40cbee8 u0 com.android.settings/.SubSettings t85}]
03-11 15:43:20.087  1801  1850 D OplusTransitionController: onTransactionReady, syncId: 425, 
03-11 15:43:20.087  1801  1850 D OplusTransitionController:  info: {id=425 t=CLOSE f=0x0 trk=0 r=[0@Point(0, 0)] c=[{null m=CLOSE f=FILLS_TASK leash=Surface(name=ActivityRecord{8445a31 u0 com.android.settings/.password.ConfirmLockPattern t85})/@0x6e83926 sb=Rect(0, 0 - 1080, 2400) eb=Rect(0, 0 - 1080, 2400) d=0},{null m=TO_FRONT f=FILLS_TASK leash=Surface(name=ActivityRecord{40cbee8 u0 com.android.settings/.SubSettings t85})/@0x74b7de2 sb=Rect(0, 0 - 1080, 2400) eb=Rect(0, 0 - 1080, 2400) d=0}]}, 
03-11 15:43:20.087  1801  1850 D OplusTransitionController:  targets : [ActivityRecord{8445a31 u0 com.android.settings/.password.ConfirmLockPattern t85 f}}, ActivityRecord{40cbee8 u0 com.android.settings/.SubSettings t85}]
03-11 15:43:20.088  2493  2643 V WindowManagerShell: onTransitionReady android.os.BinderProxy@bc0aa0a: {id=425 t=CLOSE f=0x0 trk=0 r=[0@Point(0, 0)] c=[{null m=CLOSE f=FILLS_TASK leash=Surface(name=ActivityRecord{8445a31 u0 com.android.settings/.password.ConfirmLockPattern t85})/@0x5429e0e sb=Rect(0, 0 - 1080, 2400) eb=Rect(0, 0 - 1080, 2400) d=0},{null m=TO_FRONT f=FILLS_TASK leash=Surface(name=ActivityRecord{40cbee8 u0 com.android.settings/.SubSettings t85})/@0x659c02f sb=Rect(0, 0 - 1080, 2400) eb=Rect(0, 0 - 1080, 2400) d=0}]}
03-11 15:43:20.088  1801  1846 V WindowManager: Sent Transition #425 createdAt=03-11 15:43:20.021 via request=TransitionRequestInfo { type = CLOSE, triggerTask = null, remoteTransition = null, displayChange = null }
03-11 15:43:20.088  1801  1846 V WindowManager:     startWCT=WindowContainerTransaction { changes = {} hops = [] errorCallbackToken=null taskFragmentOrganizer=null }
03-11 15:43:20.088  1801  1846 V WindowManager:     info={id=425 t=CLOSE f=0x0 trk=0 r=[0@Point(0, 0)] c=[{null m=CLOSE f=FILLS_TASK leash=Surface(name=ActivityRecord{8445a31 u0 com.android.settings/.password.ConfirmLockPattern t85})/@0x6e83926 sb=Rect(0, 0 - 1080, 2400) eb=Rect(0, 0 - 1080, 2400) d=0},{null m=TO_FRONT f=FILLS_TASK leash=Surface(name=ActivityRecord{40cbee8 u0 com.android.settings/.SubSettings t85})/@0x74b7de2 sb=Rect(0, 0 - 1080, 2400) eb=Rect(0, 0 - 1080, 2400) d=0}]}
03-11 15:43:20.088  2493  2643 V WindowManagerShell: Playing animation for (#425)android.os.BinderProxy@bc0aa0a@0
03-11 15:43:20.088  2493  2643 V WindowManagerShell:  try handler com.oplus.zoom.transition.ZoomTransitionController@5b3d6a4
03-11 15:43:20.088  2493  2643 V WindowManagerShell:  try handler com.android.wm.shell.transition.DefaultMixedHandler@fd08c0d
03-11 15:43:20.088  2493  2643 V WindowManagerShell:  try handler com.android.wm.shell.keyguard.KeyguardTransitionHandler@ae10cb5
03-11 15:43:20.088  2493  2643 V WindowManagerShell:  try handler com.android.wm.shell.activityembedding.ActivityEmbeddingController@cafbf4a
03-11 15:43:20.088  2493  2643 V WindowManagerShell:  try handler com.android.wm.shell.recents.RecentsTransitionHandler@592ebb
03-11 15:43:20.088  2493  2643 V WindowManagerShell: RecentsTransitionHandler.startAnimation: no controller found
03-11 15:43:20.088  2493  2643 V WindowManagerShell:  try handler com.android.wm.shell.pip.PipTransition@1d80fd8
03-11 15:43:20.088  2493  2643 V WindowManagerShell:  try handler com.android.wm.shell.splitscreen.StageCoordinator@6e2bf31
03-11 15:43:20.088  2493  2643 V WindowManagerShell:  try handler com.oplus.flexibleactivity.FlexibleActivityTransitionHandler@5b28616
03-11 15:43:20.088  2493  2643 V WindowManagerShell:  try handler OnePuttTransitionHandler
03-11 15:43:20.088  2493  2643 V WindowManagerShell:  try handler com.android.wm.shell.transition.RemoteTransitionHandler@82970e9
03-11 15:43:20.088  2493  2643 V WindowManagerShell: Transition doesn't have explicit remote, search filters for match for {id=425 t=CLOSE f=0x0 trk=0 r=[0@Point(0, 0)] c=[{null m=CLOSE f=FILLS_TASK leash=Surface(name=ActivityRecord{8445a31 u0 com.android.settings/.password.ConfirmLockPattern t85})/@0x5429e0e sb=Rect(0, 0 - 1080, 2400) eb=Rect(0, 0 - 1080, 2400) d=0},{null m=TO_FRONT f=FILLS_TASK leash=Surface(name=ActivityRecord{40cbee8 u0 com.android.settings/.SubSettings t85})/@0x659c02f sb=Rect(0, 0 - 1080, 2400) eb=Rect(0, 0 - 1080, 2400) d=0}]}
03-11 15:43:20.088  2493  2643 V WindowManagerShell:  Checking filter Pair{{types=[] flags=0x0] notFlags=0x100 checks=[{atype=home independent=true modes=[OPEN,TO_FRONT] flags=NONE mustBeTask=false order=TOP topActivity=ComponentInfo{com.android.launcher/com.android.launcher.Launcher}},{atype=standard independent=true modes=[CLOSE,TO_BACK] flags=NONE mustBeTask=false order=ANY topActivity=null}]} RemoteTransition { remoteTransition = android.window.IRemoteTransition$Stub$Proxy@4876b50, appThread = android.app.IApplicationThread$Stub$Proxy@3b4149, debugName = QuickstepLaunchHome }}
03-11 15:43:20.088  2493  2643 V WindowManagerShell:  Delegate animation for #425 to null
03-11 15:43:20.088  2493  2643 V WindowManagerShell:  try handler com.android.wm.shell.transition.DefaultTransitionHandler@53d01f0
03-11 15:43:20.088  2493  2643 V WindowManagerShell: start default transition animation, info = {id=425 t=CLOSE f=0x0 trk=0 r=[0@Point(0, 0)] c=[{null m=CLOSE f=FILLS_TASK leash=Surface(name=ActivityRecord{8445a31 u0 com.android.settings/.password.ConfirmLockPattern t85})/@0x5429e0e sb=Rect(0, 0 - 1080, 2400) eb=Rect(0, 0 - 1080, 2400) d=0},{null m=TO_FRONT f=FILLS_TASK leash=Surface(name=ActivityRecord{40cbee8 u0 com.android.settings/.SubSettings t85})/@0x659c02f sb=Rect(0, 0 - 1080, 2400) eb=Rect(0, 0 - 1080, 2400) d=0}]}
03-11 15:43:20.090  1801  1850 D OplusSplitScreenManagerService: com.android.settings unSupportsSplitScreen by blockList or ForbidActivityList
03-11 15:43:20.090  1801  1850 D OplusSplitScreenManagerService: com.android.settings unSupportsSplitScreen by blockList or ForbidActivityList
03-11 15:43:20.090  1801  2336 D BiometricSchedulerOperation: [Finished / destroy]: {[184] com.android.server.biometrics.sensors.face.aidl.FaceResetLockoutClient, proto=12, owner=android, cookie=0, requestId=-1, userId=0}
03-11 15:43:20.090  1801  5510 V WindowManager: Relayout Window{ebe9ac1 u0 Toast}: viewVisibility=4, oldvis=4, req=706x288, vsysui=
03-11 15:43:20.092  1801  2336 D UaBiometricScheduler/FaceProvider/default/4: [Finishing] {[184] com.android.server.biometrics.sensors.face.aidl.FaceResetLockoutClient, proto=12, owner=android, cookie=0, requestId=-1, userId=0}, success: true
03-11 15:43:20.092  1801  2336 D UaBiometricScheduler/FaceProvider/default/4: No operations, returning to idle
03-11 15:43:20.093  1801  1827 D CoreBackPreview: Window{ebe9ac1 u0 Toast}: Setting back callback OnBackInvokedCallbackInfo{mCallback=android.window.IOnBackInvokedCallback$Stub$Proxy@c11c0aa, mPriority=0, mIsAnimationCallback=false}
03-11 15:43:20.095  2493  2643 V WindowManagerShell:  animated by com.android.wm.shell.transition.DefaultTransitionHandler@53d01f0
03-11 15:43:20.097  1801  1850 D ActivityTaskManager: Clearing startingData for token=null
03-11 15:43:20.113  1801  2790 D InputMethodManagerService: isSecurity: attribute.packageName = com.android.settings mCurMethodId = com.google.android.inputmethod.latin/com.android.inputmethod.latin.LatinIME isSecurity = false ( enable = false needShow = false inBlackList = false isExist = true )
03-11 15:43:20.122  1801  5482 W PackageConfigPersister: App-specific configuration not found for packageName: com.android.settings and userId: 0
03-11 15:43:20.134  1801  5482 V WindowManager: Relayout Window{ebe9ac1 u0 Toast}: viewVisibility=0, oldvis=4, req=826x288, vsysui=
03-11 15:43:20.135  1801  5482 I WindowManager: Window{ebe9ac1 u0 Toast} state from NO_SURFACE to DRAW_PENDING; reason: resetDrawState
03-11 15:43:20.141 14355 14355 W VRI[SubSettings]: handleResized abandoned!
03-11 15:43:20.144  1801  1828 D OplusSplitScreenManagerService: com.android.settings unSupportsSplitScreen by blockList or ForbidActivityList
03-11 15:43:20.144  1801  1828 D OplusSplitScreenManagerService: com.android.settings unSupportsSplitScreen by blockList or ForbidActivityList
03-11 15:43:20.144  1801  2790 I WindowManager: Window{4a1b231 u0 OplusOSEdgeFloatBar} state from DRAW_PENDING to COMMIT_DRAW_PENDING; reason: finishDrawingLocked
03-11 15:43:20.145  1801  4541 V WindowManager: Relayout Window{4a1b231 u0 OplusOSEdgeFloatBar}: viewVisibility=0, oldvis=0, req=56x360, vsysui=LAYOUT_STABLE LAYOUT_HIDE_NAVIGATION LAYOUT_FULLSCREEN
03-11 15:43:20.147  1801  4541 I WindowManager: Window{4a1b231 u0 OplusOSEdgeFloatBar} state from COMMIT_DRAW_PENDING to READY_TO_SHOW; reason: commitFinishDrawingLocked
03-11 15:43:20.147  1801  4541 I WindowManager: Window{4a1b231 u0 OplusOSEdgeFloatBar} state from READY_TO_SHOW to HAS_DRAWN; reason: performShowLocked
03-11 15:43:20.150  1801  2790 D OplusSplitScreenManagerService: com.android.settings unSupportsSplitScreen by blockList or ForbidActivityList
03-11 15:43:20.150  1801  2790 D OplusSplitScreenManagerService: com.android.settings unSupportsSplitScreen by blockList or ForbidActivityList
03-11 15:43:20.151  1801  3230 D OplusSplitScreenManagerService: com.android.settings unSupportsSplitScreen by blockList or ForbidActivityList
03-11 15:43:20.151  1801  3230 D OplusSplitScreenManagerService: com.android.settings unSupportsSplitScreen by blockList or ForbidActivityList
03-11 15:43:20.157  1801  2790 I WindowManager: Window{ebe9ac1 u0 Toast} state from DRAW_PENDING to COMMIT_DRAW_PENDING; reason: finishDrawingLocked
03-11 15:43:20.158  1801  1850 I WindowManager: Window{ebe9ac1 u0 Toast} state from COMMIT_DRAW_PENDING to READY_TO_SHOW; reason: commitFinishDrawingLocked
03-11 15:43:20.158  1801  1850 I WindowManager: Window{ebe9ac1 u0 Toast} state from READY_TO_SHOW to HAS_DRAWN; reason: performShowLocked
03-11 15:43:20.158  2493  2493 W VRI[StatusBar]: handleResized abandoned!
03-11 15:43:20.158  2493  2493 W VRI[NavigationBar_displayId_0]: handleResized abandoned!
03-11 15:43:20.159  1801  2790 V WindowManager: Relayout Window{ebe9ac1 u0 Toast}: viewVisibility=0, oldvis=0, req=826x288, vsysui=
03-11 15:43:20.160  1801  2790 D OplusAONSmartDim: onWakeLockAcquireLocked: lock=29944667, flags=0x2000000a, packageName=android, tag="WindowManager/displayId:0", ws=WorkSource{10157 com.android.systemui}, uid=1000, pid=1801
03-11 15:43:20.166  1801  1828 D OplusSplitScreenManagerService: com.android.settings unSupportsSplitScreen by blockList or ForbidActivityList
03-11 15:43:20.167  1801  1828 D OplusSplitScreenManagerService: com.android.settings unSupportsSplitScreen by blockList or ForbidActivityList
03-11 15:43:20.314  2493  2643 V WindowManagerShell: Transition animation finished (aborted=false), notifying core (#425)android.os.BinderProxy@bc0aa0a@0
03-11 15:43:20.316  1801  1846 V WindowManager: Finish Transition #425: created at 03-11 15:43:20.021 collect-started=0.023ms request-sent=0.222ms started=4.455ms ready=15.606ms sent=66.27ms finished=294.703ms
03-11 15:43:20.316  1801  2790 I OplusAppSwitchManagerService:  handleAppVisible , r = ActivityRecord{40cbee8 u0 com.android.settings/.SubSettings t85}
03-11 15:43:20.316  1801  2790 D OplusTransitionController: finishTransition, transition: TransitionRecord{6bc61cf id=425 type=CLOSE flags=0x0}
03-11 15:43:20.316  1801  2790 D OplusTransitionAnimationManager: commitVisibilityWhenFinishTransition type=2, ar.isVisibleRequested=true, ar.isVisible=true, ar.isVisibleRequested=true, ar=ActivityRecord{40cbee8 u0 com.android.settings/.SubSettings t85} ar type 1 ar state :RESUMED displayid :0, participants={ActivityRecord{40cbee8 u0 com.android.settings/.SubSettings t85}, ActivityRecord{8445a31 u0 com.android.settings/.password.ConfirmLockPattern t85 f}}}
03-11 15:43:20.316  1801  2790 D OplusTransitionAnimationManager: commitVisibilityWhenFinishTransition type=2, ar.isVisibleRequested=false, ar.isVisible=false, ar.isVisibleRequested=false, ar=ActivityRecord{8445a31 u0 com.android.settings/.password.ConfirmLockPattern t85 f}} ar type 1 ar state :STOPPING displayid :0, participants={ActivityRecord{40cbee8 u0 com.android.settings/.SubSettings t85}, ActivityRecord{8445a31 u0 com.android.settings/.password.ConfirmLockPattern t85 f}}}
03-11 15:43:20.317  1801  2790 D TransitionController: NFW_send RECOMPUTE_FOCUS in finishTransition
03-11 15:43:20.317  2493  2643 D ShellTaskOrganizer: onTransitionFinish, isRecent:false
03-11 15:43:20.317  2493  2643 V WindowManagerShell: Track 0 became idle
03-11 15:43:20.317  2493  2643 V WindowManagerShell: All active transition animations finished
